[2025-03-17T23:36:16.843+0530] {local_task_job_runner.py:123} INFO - ::group::Pre task execution logs
[2025-03-17T23:36:16.895+0530] {taskinstance.py:2614} INFO - Dependencies all met for dep_context=non-requeueable deps ti=<TaskInstance: process_Trafficdata.fetch_road_data manual__2025-03-17T18:06:13.683228+00:00 [queued]>
[2025-03-17T23:36:16.923+0530] {taskinstance.py:2614} INFO - Dependencies all met for dep_context=requeueable deps ti=<TaskInstance: process_Trafficdata.fetch_road_data manual__2025-03-17T18:06:13.683228+00:00 [queued]>
[2025-03-17T23:36:16.924+0530] {taskinstance.py:2867} INFO - Starting attempt 1 of 2
[2025-03-17T23:36:16.954+0530] {taskinstance.py:2890} INFO - Executing <Task(PythonOperator): fetch_road_data> on 2025-03-17 18:06:13.683228+00:00
[2025-03-17T23:36:16.967+0530] {standard_task_runner.py:104} INFO - Running: ['airflow', 'tasks', 'run', 'process_Trafficdata', 'fetch_road_data', 'manual__2025-03-17T18:06:13.683228+00:00', '--job-id', '70', '--raw', '--subdir', 'DAGS_FOLDER/Process_traffic_Data.py', '--cfg-path', '/tmp/tmpjlnjyybm']
[2025-03-17T23:36:16.973+0530] {standard_task_runner.py:105} INFO - Job 70: Subtask fetch_road_data
[2025-03-17T23:36:16.974+0530] {logging_mixin.py:190} WARNING - /home/airflow/.local/lib/python3.12/site-packages/airflow/task/task_runner/standard_task_runner.py:70 DeprecationWarning: This process (pid=264) is multi-threaded, use of fork() may lead to deadlocks in the child.
[2025-03-17T23:36:16.975+0530] {standard_task_runner.py:72} INFO - Started process 265 to run task
[2025-03-17T23:36:17.079+0530] {task_command.py:467} INFO - Running <TaskInstance: process_Trafficdata.fetch_road_data manual__2025-03-17T18:06:13.683228+00:00 [running]> on host 9e62b6891a9b
[2025-03-17T23:36:17.264+0530] {taskinstance.py:3134} INFO - Exporting env vars: AIRFLOW_CTX_DAG_OWNER='airflow' AIRFLOW_CTX_DAG_ID='process_Trafficdata' AIRFLOW_CTX_TASK_ID='fetch_road_data' AIRFLOW_CTX_EXECUTION_DATE='2025-03-17T18:06:13.683228+00:00' AIRFLOW_CTX_TRY_NUMBER='1' AIRFLOW_CTX_DAG_RUN_ID='manual__2025-03-17T18:06:13.683228+00:00'
[2025-03-17T23:36:17.267+0530] {taskinstance.py:732} INFO - ::endgroup::
[2025-03-17T23:36:17.313+0530] {road_data_real_time_traffic_onbounding_box.py:137} INFO - connect_Database() begins
[2025-03-17T23:36:17.360+0530] {logging_mixin.py:190} INFO - Using connection info: postgres
[2025-03-17T23:36:17.361+0530] {road_data_real_time_traffic_onbounding_box.py:149} INFO - connect_Database() completed
[2025-03-17T23:36:17.373+0530] {road_data_real_time_traffic_onbounding_box.py:153} INFO - road_data Main Started
[2025-03-17T23:36:17.384+0530] {road_data_real_time_traffic_onbounding_box.py:156} INFO - Lat : 28.60507059568563, LNG: 77.44698311030206
[2025-03-17T23:36:17.395+0530] {road_data_real_time_traffic_onbounding_box.py:159} INFO - Calling get_nearby_roads_with_coordinates()
[2025-03-17T23:36:17.410+0530] {road_data_real_time_traffic_onbounding_box.py:21} INFO - function started lat=28.60507059568563, lng=77.44698311030206, radius=500
[2025-03-17T23:36:35.121+0530] {road_data_real_time_traffic_onbounding_box.py:33} INFO - Request sent to Overpass API
[2025-03-17T23:36:35.135+0530] {road_data_real_time_traffic_onbounding_box.py:36} INFO - Response received successfully
[2025-03-17T23:36:35.154+0530] {road_data_real_time_traffic_onbounding_box.py:41} INFO - Processing received data...
[2025-03-17T23:36:35.167+0530] {road_data_real_time_traffic_onbounding_box.py:48} INFO - Found 95 roads in response data
[2025-03-17T23:36:35.181+0530] {road_data_real_time_traffic_onbounding_box.py:79} INFO - Road: Noida Link Road | Start: (28.6022671, 77.450377) | End: (28.5930819, 77.4589578)
[2025-03-17T23:36:35.194+0530] {road_data_real_time_traffic_onbounding_box.py:79} INFO - Road: Noida Link Road | Start: (28.592823, 77.4584486) | End: (28.6020117, 77.4499369)
[2025-03-17T23:36:35.212+0530] {road_data_real_time_traffic_onbounding_box.py:79} INFO - Road: Service Lane | Start: (28.6072712, 77.4405653) | End: (28.6030915, 77.4494284)
[2025-03-17T23:36:35.224+0530] {road_data_real_time_traffic_onbounding_box.py:83} INFO -  Processed 2 roads
[2025-03-17T23:36:35.238+0530] {road_data_real_time_traffic_onbounding_box.py:162} INFO - Received 2 roads
[2025-03-17T23:36:35.254+0530] {road_data_real_time_traffic_onbounding_box.py:164} INFO - get_nearby_roads_with_coordinates func completed.
[2025-03-17T23:36:35.267+0530] {road_data_real_time_traffic_onbounding_box.py:171} INFO - Nearby Roads with Start & End Points:
[2025-03-17T23:36:35.281+0530] {road_data_real_time_traffic_onbounding_box.py:183} INFO - Nearby Roads with Start & End Points:,Road_list : [{'name': 'Noida Link Road', 'start_lat': 28.592823, 'start_lon': 77.4584486, 'end_lat': 28.6020117, 'end_lon': 77.4499369}, {'name': 'Service Lane', 'start_lat': 28.6072712, 'start_lon': 77.4405653, 'end_lat': 28.6030915, 'end_lon': 77.4494284}]
[2025-03-17T23:36:35.293+0530] {road_data_real_time_traffic_onbounding_box.py:185} INFO - Starting bulk_insert_into_road_Table()
[2025-03-17T23:36:35.306+0530] {logging_mixin.py:190} INFO - Do you want to run 'bulk_insert_into_road_Table'? (yes/no): 
[2025-03-17T23:36:35.309+0530] {road_data_real_time_traffic_onbounding_box.py:198} ERROR - exception in main: EOF when reading a line
[2025-03-17T23:36:35.319+0530] {road_data_real_time_traffic_onbounding_box.py:201} INFO - Database connection closed
[2025-03-17T23:36:35.334+0530] {python.py:240} INFO - Done. Returned value was: None
[2025-03-17T23:36:35.363+0530] {taskinstance.py:341} INFO - ::group::Post task execution logs
[2025-03-17T23:36:35.365+0530] {taskinstance.py:353} INFO - Marking task as SUCCESS. dag_id=process_Trafficdata, task_id=fetch_road_data, run_id=manual__2025-03-17T18:06:13.683228+00:00, execution_date=20250317T180613, start_date=20250317T180616, end_date=20250317T180635
[2025-03-17T23:36:37.007+0530] {local_task_job_runner.py:266} INFO - Task exited with return code 0
[2025-03-17T23:36:37.094+0530] {taskinstance.py:3901} INFO - 0 downstream tasks scheduled from follow-on schedule check
[2025-03-17T23:36:37.117+0530] {local_task_job_runner.py:245} INFO - ::endgroup::
