[2025-03-17T23:33:44.426+0530] {local_task_job_runner.py:123} INFO - ::group::Pre task execution logs
[2025-03-17T23:33:44.461+0530] {taskinstance.py:2614} INFO - Dependencies all met for dep_context=non-requeueable deps ti=<TaskInstance: process_Trafficdata.database_connection manual__2025-03-17T18:03:42.427818+00:00 [queued]>
[2025-03-17T23:33:44.478+0530] {taskinstance.py:2614} INFO - Dependencies all met for dep_context=requeueable deps ti=<TaskInstance: process_Trafficdata.database_connection manual__2025-03-17T18:03:42.427818+00:00 [queued]>
[2025-03-17T23:33:44.480+0530] {taskinstance.py:2867} INFO - Starting attempt 1 of 2
[2025-03-17T23:33:44.508+0530] {taskinstance.py:2890} INFO - Executing <Task(PythonOperator): database_connection> on 2025-03-17 18:03:42.427818+00:00
[2025-03-17T23:33:44.519+0530] {standard_task_runner.py:104} INFO - Running: ['airflow', 'tasks', 'run', 'process_Trafficdata', 'database_connection', 'manual__2025-03-17T18:03:42.427818+00:00', '--job-id', '65', '--raw', '--subdir', 'DAGS_FOLDER/Process_traffic_Data.py', '--cfg-path', '/tmp/tmpah23av0j']
[2025-03-17T23:33:44.522+0530] {standard_task_runner.py:105} INFO - Job 65: Subtask database_connection
[2025-03-17T23:33:44.524+0530] {logging_mixin.py:190} WARNING - /home/airflow/.local/lib/python3.12/site-packages/airflow/task/task_runner/standard_task_runner.py:70 DeprecationWarning: This process (pid=224) is multi-threaded, use of fork() may lead to deadlocks in the child.
[2025-03-17T23:33:44.526+0530] {standard_task_runner.py:72} INFO - Started process 225 to run task
[2025-03-17T23:33:44.622+0530] {task_command.py:467} INFO - Running <TaskInstance: process_Trafficdata.database_connection manual__2025-03-17T18:03:42.427818+00:00 [running]> on host 9e62b6891a9b
[2025-03-17T23:33:44.818+0530] {taskinstance.py:3134} INFO - Exporting env vars: AIRFLOW_CTX_DAG_OWNER='airflow' AIRFLOW_CTX_DAG_ID='process_Trafficdata' AIRFLOW_CTX_TASK_ID='database_connection' AIRFLOW_CTX_EXECUTION_DATE='2025-03-17T18:03:42.427818+00:00' AIRFLOW_CTX_TRY_NUMBER='1' AIRFLOW_CTX_DAG_RUN_ID='manual__2025-03-17T18:03:42.427818+00:00'
[2025-03-17T23:33:44.820+0530] {taskinstance.py:732} INFO - ::endgroup::
[2025-03-17T23:33:44.845+0530] {Database_connection.py:38} INFO - Database connection started.
[2025-03-17T23:33:44.866+0530] {Database_connection.py:58} INFO - Successfully connected to PostgreSQL database.
[2025-03-17T23:33:44.873+0530] {Database_connection.py:62} INFO - Schema 'roads_traffic' is ready.
[2025-03-17T23:33:44.882+0530] {Database_connection.py:76} INFO - Table 'roads' is ready.
[2025-03-17T23:33:44.896+0530] {Database_connection.py:87} INFO - Index 'roads_road_id_idx' created successfully.
[2025-03-17T23:33:44.905+0530] {Database_connection.py:115} INFO - Table 'traffic_data' is ready.
[2025-03-17T23:33:44.915+0530] {Database_connection.py:130} INFO - Index 'traffic_Data_road_id_idx' created successfully.
[2025-03-17T23:33:44.923+0530] {Database_connection.py:136} INFO - Database setup completed successfully.
[2025-03-17T23:33:44.956+0530] {python.py:240} INFO - Done. Returned value was: True
[2025-03-17T23:33:45.000+0530] {taskinstance.py:341} INFO - ::group::Post task execution logs
[2025-03-17T23:33:45.002+0530] {taskinstance.py:353} INFO - Marking task as SUCCESS. dag_id=process_Trafficdata, task_id=database_connection, run_id=manual__2025-03-17T18:03:42.427818+00:00, execution_date=20250317T180342, start_date=20250317T180344, end_date=20250317T180345
[2025-03-17T23:33:45.105+0530] {local_task_job_runner.py:266} INFO - Task exited with return code 0
[2025-03-17T23:33:45.154+0530] {taskinstance.py:3901} INFO - 1 downstream tasks scheduled from follow-on schedule check
[2025-03-17T23:33:45.158+0530] {local_task_job_runner.py:245} INFO - ::endgroup::
