[2025-03-18T17:05:37.128+0530] {local_task_job_runner.py:123} INFO - ::group::Pre task execution logs
[2025-03-18T17:05:37.177+0530] {taskinstance.py:2614} INFO - Dependencies all met for dep_context=non-requeueable deps ti=<TaskInstance: process_Trafficdata.database_connection manual__2025-03-18T11:35:33.954035+00:00 [queued]>
[2025-03-18T17:05:37.203+0530] {taskinstance.py:2614} INFO - Dependencies all met for dep_context=requeueable deps ti=<TaskInstance: process_Trafficdata.database_connection manual__2025-03-18T11:35:33.954035+00:00 [queued]>
[2025-03-18T17:05:37.204+0530] {taskinstance.py:2867} INFO - Starting attempt 1 of 2
[2025-03-18T17:05:37.240+0530] {taskinstance.py:2890} INFO - Executing <Task(PythonOperator): database_connection> on 2025-03-18 11:35:33.954035+00:00
[2025-03-18T17:05:37.252+0530] {standard_task_runner.py:104} INFO - Running: ['airflow', 'tasks', 'run', 'process_Trafficdata', 'database_connection', 'manual__2025-03-18T11:35:33.954035+00:00', '--job-id', '119', '--raw', '--subdir', 'DAGS_FOLDER/Process_traffic_Data.py', '--cfg-path', '/tmp/tmpwc5og2ui']
[2025-03-18T17:05:37.257+0530] {standard_task_runner.py:105} INFO - Job 119: Subtask database_connection
[2025-03-18T17:05:37.263+0530] {logging_mixin.py:190} WARNING - /home/airflow/.local/lib/python3.12/site-packages/airflow/task/task_runner/standard_task_runner.py:70 DeprecationWarning: This process (pid=1638) is multi-threaded, use of fork() may lead to deadlocks in the child.
[2025-03-18T17:05:37.264+0530] {standard_task_runner.py:72} INFO - Started process 1639 to run task
[2025-03-18T17:05:37.411+0530] {task_command.py:467} INFO - Running <TaskInstance: process_Trafficdata.database_connection manual__2025-03-18T11:35:33.954035+00:00 [running]> on host 06f6cab71e1e
[2025-03-18T17:05:37.619+0530] {taskinstance.py:3134} INFO - Exporting env vars: AIRFLOW_CTX_DAG_OWNER='airflow' AIRFLOW_CTX_DAG_ID='process_Trafficdata' AIRFLOW_CTX_TASK_ID='database_connection' AIRFLOW_CTX_EXECUTION_DATE='2025-03-18T11:35:33.954035+00:00' AIRFLOW_CTX_TRY_NUMBER='1' AIRFLOW_CTX_DAG_RUN_ID='manual__2025-03-18T11:35:33.954035+00:00'
[2025-03-18T17:05:37.622+0530] {taskinstance.py:732} INFO - ::endgroup::
[2025-03-18T17:05:37.664+0530] {Database_connection.py:38} INFO - Database connection started.
[2025-03-18T17:05:37.740+0530] {Database_connection.py:58} INFO - Successfully connected to PostgreSQL database.
[2025-03-18T17:05:37.766+0530] {Database_connection.py:62} INFO - Schema 'roads_traffic' is ready.
[2025-03-18T17:05:37.779+0530] {Database_connection.py:76} INFO - Table 'roads' is ready.
[2025-03-18T17:05:37.805+0530] {Database_connection.py:87} INFO - Index 'roads_road_id_idx' created successfully.
[2025-03-18T17:05:37.818+0530] {Database_connection.py:115} INFO - Table 'traffic_data' is ready.
[2025-03-18T17:05:37.840+0530] {Database_connection.py:130} INFO - Index 'traffic_Data_road_id_idx' created successfully.
[2025-03-18T17:05:37.864+0530] {Database_connection.py:136} INFO - Database setup completed successfully.
[2025-03-18T17:05:37.927+0530] {python.py:240} INFO - Done. Returned value was: True
[2025-03-18T17:05:38.221+0530] {taskinstance.py:341} INFO - ::group::Post task execution logs
[2025-03-18T17:05:38.227+0530] {taskinstance.py:353} INFO - Marking task as SUCCESS. dag_id=process_Trafficdata, task_id=database_connection, run_id=manual__2025-03-18T11:35:33.954035+00:00, execution_date=20250318T113533, start_date=20250318T113537, end_date=20250318T113538
[2025-03-18T17:05:38.531+0530] {local_task_job_runner.py:266} INFO - Task exited with return code 0
[2025-03-18T17:05:38.599+0530] {taskinstance.py:3901} INFO - 1 downstream tasks scheduled from follow-on schedule check
[2025-03-18T17:05:38.605+0530] {local_task_job_runner.py:245} INFO - ::endgroup::
