[2025-03-17T23:32:19.100+0530] {local_task_job_runner.py:123} INFO - ::group::Pre task execution logs
[2025-03-17T23:32:19.143+0530] {taskinstance.py:2614} INFO - Dependencies all met for dep_context=non-requeueable deps ti=<TaskInstance: process_Trafficdata.fetch_road_data scheduled__2025-03-17T17:00:00+00:00 [queued]>
[2025-03-17T23:32:19.162+0530] {taskinstance.py:2614} INFO - Dependencies all met for dep_context=requeueable deps ti=<TaskInstance: process_Trafficdata.fetch_road_data scheduled__2025-03-17T17:00:00+00:00 [queued]>
[2025-03-17T23:32:19.163+0530] {taskinstance.py:2867} INFO - Starting attempt 1 of 2
[2025-03-17T23:32:19.190+0530] {taskinstance.py:2890} INFO - Executing <Task(PythonOperator): fetch_road_data> on 2025-03-17 17:00:00+00:00
[2025-03-17T23:32:19.200+0530] {standard_task_runner.py:104} INFO - Running: ['airflow', 'tasks', 'run', 'process_Trafficdata', 'fetch_road_data', 'scheduled__2025-03-17T17:00:00+00:00', '--job-id', '64', '--raw', '--subdir', 'DAGS_FOLDER/Process_traffic_Data.py', '--cfg-path', '/tmp/tmpzt35fgw9']
[2025-03-17T23:32:19.204+0530] {standard_task_runner.py:105} INFO - Job 64: Subtask fetch_road_data
[2025-03-17T23:32:19.210+0530] {logging_mixin.py:190} WARNING - /home/airflow/.local/lib/python3.12/site-packages/airflow/task/task_runner/standard_task_runner.py:70 DeprecationWarning: This process (pid=203) is multi-threaded, use of fork() may lead to deadlocks in the child.
[2025-03-17T23:32:19.212+0530] {standard_task_runner.py:72} INFO - Started process 206 to run task
[2025-03-17T23:32:19.329+0530] {task_command.py:467} INFO - Running <TaskInstance: process_Trafficdata.fetch_road_data scheduled__2025-03-17T17:00:00+00:00 [running]> on host 9e62b6891a9b
[2025-03-17T23:32:19.492+0530] {taskinstance.py:3134} INFO - Exporting env vars: AIRFLOW_CTX_DAG_OWNER='airflow' AIRFLOW_CTX_DAG_ID='process_Trafficdata' AIRFLOW_CTX_TASK_ID='fetch_road_data' AIRFLOW_CTX_EXECUTION_DATE='2025-03-17T17:00:00+00:00' AIRFLOW_CTX_TRY_NUMBER='1' AIRFLOW_CTX_DAG_RUN_ID='scheduled__2025-03-17T17:00:00+00:00'
[2025-03-17T23:32:19.495+0530] {taskinstance.py:732} INFO - ::endgroup::
[2025-03-17T23:32:19.525+0530] {road_data_real_time_traffic_onbounding_box.py:137} INFO - connect_Database() begins
[2025-03-17T23:32:19.562+0530] {logging_mixin.py:190} INFO - Using connection info: None
[2025-03-17T23:32:19.564+0530] {road_data_real_time_traffic_onbounding_box.py:145} CRITICAL - connect_Database() Connection failed: No connection established
[2025-03-17T23:32:19.576+0530] {road_data_real_time_traffic_onbounding_box.py:201} ERROR - exception in main: Failed to retrieve connection info from XCom!
[2025-03-17T23:32:19.585+0530] {python.py:240} INFO - Done. Returned value was: None
[2025-03-17T23:32:19.603+0530] {taskinstance.py:341} INFO - ::group::Post task execution logs
[2025-03-17T23:32:19.606+0530] {taskinstance.py:353} INFO - Marking task as SUCCESS. dag_id=process_Trafficdata, task_id=fetch_road_data, run_id=scheduled__2025-03-17T17:00:00+00:00, execution_date=20250317T170000, start_date=20250317T180219, end_date=20250317T180219
[2025-03-17T23:32:19.711+0530] {local_task_job_runner.py:266} INFO - Task exited with return code 0
[2025-03-17T23:32:19.748+0530] {taskinstance.py:3901} INFO - 0 downstream tasks scheduled from follow-on schedule check
[2025-03-17T23:32:19.753+0530] {local_task_job_runner.py:245} INFO - ::endgroup::
