[2025-03-17T23:33:46.355+0530] {local_task_job_runner.py:123} INFO - ::group::Pre task execution logs
[2025-03-17T23:33:46.406+0530] {taskinstance.py:2614} INFO - Dependencies all met for dep_context=non-requeueable deps ti=<TaskInstance: process_Trafficdata.fetch_road_data manual__2025-03-17T18:03:42.427818+00:00 [queued]>
[2025-03-17T23:33:46.434+0530] {taskinstance.py:2614} INFO - Dependencies all met for dep_context=requeueable deps ti=<TaskInstance: process_Trafficdata.fetch_road_data manual__2025-03-17T18:03:42.427818+00:00 [queued]>
[2025-03-17T23:33:46.435+0530] {taskinstance.py:2867} INFO - Starting attempt 1 of 2
[2025-03-17T23:33:46.466+0530] {taskinstance.py:2890} INFO - Executing <Task(PythonOperator): fetch_road_data> on 2025-03-17 18:03:42.427818+00:00
[2025-03-17T23:33:46.477+0530] {standard_task_runner.py:104} INFO - Running: ['airflow', 'tasks', 'run', 'process_Trafficdata', 'fetch_road_data', 'manual__2025-03-17T18:03:42.427818+00:00', '--job-id', '66', '--raw', '--subdir', 'DAGS_FOLDER/Process_traffic_Data.py', '--cfg-path', '/tmp/tmphjcxse0l']
[2025-03-17T23:33:46.481+0530] {standard_task_runner.py:105} INFO - Job 66: Subtask fetch_road_data
[2025-03-17T23:33:46.483+0530] {logging_mixin.py:190} WARNING - /home/airflow/.local/lib/python3.12/site-packages/airflow/task/task_runner/standard_task_runner.py:70 DeprecationWarning: This process (pid=227) is multi-threaded, use of fork() may lead to deadlocks in the child.
[2025-03-17T23:33:46.485+0530] {standard_task_runner.py:72} INFO - Started process 228 to run task
[2025-03-17T23:33:46.573+0530] {task_command.py:467} INFO - Running <TaskInstance: process_Trafficdata.fetch_road_data manual__2025-03-17T18:03:42.427818+00:00 [running]> on host 9e62b6891a9b
[2025-03-17T23:33:46.716+0530] {taskinstance.py:3134} INFO - Exporting env vars: AIRFLOW_CTX_DAG_OWNER='airflow' AIRFLOW_CTX_DAG_ID='process_Trafficdata' AIRFLOW_CTX_TASK_ID='fetch_road_data' AIRFLOW_CTX_EXECUTION_DATE='2025-03-17T18:03:42.427818+00:00' AIRFLOW_CTX_TRY_NUMBER='1' AIRFLOW_CTX_DAG_RUN_ID='manual__2025-03-17T18:03:42.427818+00:00'
[2025-03-17T23:33:46.717+0530] {taskinstance.py:732} INFO - ::endgroup::
[2025-03-17T23:33:46.736+0530] {road_data_real_time_traffic_onbounding_box.py:137} INFO - connect_Database() begins
[2025-03-17T23:33:46.761+0530] {logging_mixin.py:190} INFO - Using connection info: postgres
[2025-03-17T23:33:46.762+0530] {road_data_real_time_traffic_onbounding_box.py:149} INFO - connect_Database() completed
[2025-03-17T23:33:46.771+0530] {road_data_real_time_traffic_onbounding_box.py:153} INFO - road_data Main Started
[2025-03-17T23:33:46.781+0530] {road_data_real_time_traffic_onbounding_box.py:156} INFO - Lat : 28.60507059568563, LNG: 77.44698311030206
[2025-03-17T23:33:46.788+0530] {road_data_real_time_traffic_onbounding_box.py:159} INFO - Calling get_nearby_roads_with_coordinates()
[2025-03-17T23:33:46.795+0530] {logging_mixin.py:190} INFO - Do you want to run 'get_nearby_roads_with_coordinates'? (yes/no): 
[2025-03-17T23:33:46.796+0530] {road_data_real_time_traffic_onbounding_box.py:201} ERROR - exception in main: EOF when reading a line
[2025-03-17T23:33:46.803+0530] {road_data_real_time_traffic_onbounding_box.py:204} INFO - Database connection closed
[2025-03-17T23:33:46.809+0530] {python.py:240} INFO - Done. Returned value was: None
[2025-03-17T23:33:46.822+0530] {taskinstance.py:341} INFO - ::group::Post task execution logs
[2025-03-17T23:33:46.823+0530] {taskinstance.py:353} INFO - Marking task as SUCCESS. dag_id=process_Trafficdata, task_id=fetch_road_data, run_id=manual__2025-03-17T18:03:42.427818+00:00, execution_date=20250317T180342, start_date=20250317T180346, end_date=20250317T180346
[2025-03-17T23:33:46.904+0530] {local_task_job_runner.py:266} INFO - Task exited with return code 0
[2025-03-17T23:33:46.939+0530] {taskinstance.py:3901} INFO - 0 downstream tasks scheduled from follow-on schedule check
[2025-03-17T23:33:46.943+0530] {local_task_job_runner.py:245} INFO - ::endgroup::
