[2025-03-17T23:37:45.411+0530] {local_task_job_runner.py:123} INFO - ::group::Pre task execution logs
[2025-03-17T23:37:45.471+0530] {taskinstance.py:2614} INFO - Dependencies all met for dep_context=non-requeueable deps ti=<TaskInstance: process_Trafficdata.database_connection manual__2025-03-17T18:07:44.046138+00:00 [queued]>
[2025-03-17T23:37:45.520+0530] {taskinstance.py:2614} INFO - Dependencies all met for dep_context=requeueable deps ti=<TaskInstance: process_Trafficdata.database_connection manual__2025-03-17T18:07:44.046138+00:00 [queued]>
[2025-03-17T23:37:45.522+0530] {taskinstance.py:2867} INFO - Starting attempt 1 of 2
[2025-03-17T23:37:48.178+0530] {taskinstance.py:2890} INFO - Executing <Task(PythonOperator): database_connection> on 2025-03-17 18:07:44.046138+00:00
[2025-03-17T23:37:48.193+0530] {standard_task_runner.py:104} INFO - Running: ['airflow', 'tasks', 'run', 'process_Trafficdata', 'database_connection', 'manual__2025-03-17T18:07:44.046138+00:00', '--job-id', '71', '--raw', '--subdir', 'DAGS_FOLDER/Process_traffic_Data.py', '--cfg-path', '/tmp/tmpiaku61vp']
[2025-03-17T23:37:48.199+0530] {standard_task_runner.py:105} INFO - Job 71: Subtask database_connection
[2025-03-17T23:37:48.208+0530] {logging_mixin.py:190} WARNING - /home/airflow/.local/lib/python3.12/site-packages/airflow/task/task_runner/standard_task_runner.py:70 DeprecationWarning: This process (pid=277) is multi-threaded, use of fork() may lead to deadlocks in the child.
[2025-03-17T23:37:48.214+0530] {standard_task_runner.py:72} INFO - Started process 278 to run task
[2025-03-17T23:37:48.428+0530] {task_command.py:467} INFO - Running <TaskInstance: process_Trafficdata.database_connection manual__2025-03-17T18:07:44.046138+00:00 [running]> on host 9e62b6891a9b
[2025-03-17T23:37:48.890+0530] {taskinstance.py:3134} INFO - Exporting env vars: AIRFLOW_CTX_DAG_OWNER='airflow' AIRFLOW_CTX_DAG_ID='process_Trafficdata' AIRFLOW_CTX_TASK_ID='database_connection' AIRFLOW_CTX_EXECUTION_DATE='2025-03-17T18:07:44.046138+00:00' AIRFLOW_CTX_TRY_NUMBER='1' AIRFLOW_CTX_DAG_RUN_ID='manual__2025-03-17T18:07:44.046138+00:00'
[2025-03-17T23:37:48.892+0530] {taskinstance.py:732} INFO - ::endgroup::
[2025-03-17T23:37:48.922+0530] {Database_connection.py:38} INFO - Database connection started.
[2025-03-17T23:37:48.944+0530] {Database_connection.py:58} INFO - Successfully connected to PostgreSQL database.
[2025-03-17T23:37:48.952+0530] {Database_connection.py:62} INFO - Schema 'roads_traffic' is ready.
[2025-03-17T23:37:48.961+0530] {Database_connection.py:76} INFO - Table 'roads' is ready.
[2025-03-17T23:37:48.976+0530] {Database_connection.py:87} INFO - Index 'roads_road_id_idx' created successfully.
[2025-03-17T23:37:48.985+0530] {Database_connection.py:115} INFO - Table 'traffic_data' is ready.
[2025-03-17T23:37:48.998+0530] {Database_connection.py:130} INFO - Index 'traffic_Data_road_id_idx' created successfully.
[2025-03-17T23:37:49.008+0530] {Database_connection.py:136} INFO - Database setup completed successfully.
[2025-03-17T23:37:49.051+0530] {python.py:240} INFO - Done. Returned value was: True
[2025-03-17T23:37:49.094+0530] {taskinstance.py:341} INFO - ::group::Post task execution logs
[2025-03-17T23:37:49.095+0530] {taskinstance.py:353} INFO - Marking task as SUCCESS. dag_id=process_Trafficdata, task_id=database_connection, run_id=manual__2025-03-17T18:07:44.046138+00:00, execution_date=20250317T180744, start_date=20250317T180745, end_date=20250317T180749
[2025-03-17T23:37:49.161+0530] {local_task_job_runner.py:266} INFO - Task exited with return code 0
[2025-03-17T23:37:49.206+0530] {taskinstance.py:3901} INFO - 1 downstream tasks scheduled from follow-on schedule check
[2025-03-17T23:37:49.211+0530] {local_task_job_runner.py:245} INFO - ::endgroup::
