[2025-03-18T16:02:10.861+0530] {local_task_job_runner.py:123} INFO - ::group::Pre task execution logs
[2025-03-18T16:02:10.942+0530] {taskinstance.py:2614} INFO - Dependencies all met for dep_context=non-requeueable deps ti=<TaskInstance: process_Trafficdata.database_connection manual__2025-03-18T10:32:06.248610+00:00 [queued]>
[2025-03-18T16:02:10.978+0530] {taskinstance.py:2614} INFO - Dependencies all met for dep_context=requeueable deps ti=<TaskInstance: process_Trafficdata.database_connection manual__2025-03-18T10:32:06.248610+00:00 [queued]>
[2025-03-18T16:02:10.979+0530] {taskinstance.py:2867} INFO - Starting attempt 1 of 2
[2025-03-18T16:02:11.032+0530] {taskinstance.py:2890} INFO - Executing <Task(PythonOperator): database_connection> on 2025-03-18 10:32:06.248610+00:00
[2025-03-18T16:02:11.061+0530] {standard_task_runner.py:104} INFO - Running: ['airflow', 'tasks', 'run', 'process_Trafficdata', 'database_connection', 'manual__2025-03-18T10:32:06.248610+00:00', '--job-id', '113', '--raw', '--subdir', 'DAGS_FOLDER/Process_traffic_Data.py', '--cfg-path', '/tmp/tmpvzyfjw00']
[2025-03-18T16:02:11.069+0530] {standard_task_runner.py:105} INFO - Job 113: Subtask database_connection
[2025-03-18T16:02:11.071+0530] {logging_mixin.py:190} WARNING - /home/airflow/.local/lib/python3.12/site-packages/airflow/task/task_runner/standard_task_runner.py:70 DeprecationWarning: This process (pid=1015) is multi-threaded, use of fork() may lead to deadlocks in the child.
[2025-03-18T16:02:11.087+0530] {standard_task_runner.py:72} INFO - Started process 1016 to run task
[2025-03-18T16:02:11.391+0530] {task_command.py:467} INFO - Running <TaskInstance: process_Trafficdata.database_connection manual__2025-03-18T10:32:06.248610+00:00 [running]> on host 06f6cab71e1e
[2025-03-18T16:02:11.681+0530] {taskinstance.py:3134} INFO - Exporting env vars: AIRFLOW_CTX_DAG_OWNER='airflow' AIRFLOW_CTX_DAG_ID='process_Trafficdata' AIRFLOW_CTX_TASK_ID='database_connection' AIRFLOW_CTX_EXECUTION_DATE='2025-03-18T10:32:06.248610+00:00' AIRFLOW_CTX_TRY_NUMBER='1' AIRFLOW_CTX_DAG_RUN_ID='manual__2025-03-18T10:32:06.248610+00:00'
[2025-03-18T16:02:11.683+0530] {taskinstance.py:732} INFO - ::endgroup::
[2025-03-18T16:02:11.726+0530] {Database_connection.py:38} INFO - Database connection started.
[2025-03-18T16:02:11.757+0530] {Database_connection.py:58} INFO - Successfully connected to PostgreSQL database.
[2025-03-18T16:02:11.772+0530] {Database_connection.py:62} INFO - Schema 'roads_traffic' is ready.
[2025-03-18T16:02:11.785+0530] {Database_connection.py:76} INFO - Table 'roads' is ready.
[2025-03-18T16:02:11.806+0530] {Database_connection.py:87} INFO - Index 'roads_road_id_idx' created successfully.
[2025-03-18T16:02:11.819+0530] {Database_connection.py:115} INFO - Table 'traffic_data' is ready.
[2025-03-18T16:02:11.837+0530] {Database_connection.py:130} INFO - Index 'traffic_Data_road_id_idx' created successfully.
[2025-03-18T16:02:11.851+0530] {Database_connection.py:136} INFO - Database setup completed successfully.
[2025-03-18T16:02:11.915+0530] {python.py:240} INFO - Done. Returned value was: True
[2025-03-18T16:02:13.750+0530] {taskinstance.py:341} INFO - ::group::Post task execution logs
[2025-03-18T16:02:13.751+0530] {taskinstance.py:353} INFO - Marking task as SUCCESS. dag_id=process_Trafficdata, task_id=database_connection, run_id=manual__2025-03-18T10:32:06.248610+00:00, execution_date=20250318T103206, start_date=20250318T103210, end_date=20250318T103213
[2025-03-18T16:02:14.533+0530] {local_task_job_runner.py:266} INFO - Task exited with return code 0
[2025-03-18T16:02:14.612+0530] {taskinstance.py:3901} INFO - 1 downstream tasks scheduled from follow-on schedule check
[2025-03-18T16:02:14.620+0530] {local_task_job_runner.py:245} INFO - ::endgroup::
