[2025-03-17T23:35:16.629+0530] {local_task_job_runner.py:123} INFO - ::group::Pre task execution logs
[2025-03-17T23:35:16.668+0530] {taskinstance.py:2614} INFO - Dependencies all met for dep_context=non-requeueable deps ti=<TaskInstance: process_Trafficdata.fetch_road_data manual__2025-03-17T18:05:13.035830+00:00 [queued]>
[2025-03-17T23:35:16.690+0530] {taskinstance.py:2614} INFO - Dependencies all met for dep_context=requeueable deps ti=<TaskInstance: process_Trafficdata.fetch_road_data manual__2025-03-17T18:05:13.035830+00:00 [queued]>
[2025-03-17T23:35:16.691+0530] {taskinstance.py:2867} INFO - Starting attempt 1 of 2
[2025-03-17T23:35:16.715+0530] {taskinstance.py:2890} INFO - Executing <Task(PythonOperator): fetch_road_data> on 2025-03-17 18:05:13.035830+00:00
[2025-03-17T23:35:16.724+0530] {standard_task_runner.py:104} INFO - Running: ['airflow', 'tasks', 'run', 'process_Trafficdata', 'fetch_road_data', 'manual__2025-03-17T18:05:13.035830+00:00', '--job-id', '68', '--raw', '--subdir', 'DAGS_FOLDER/Process_traffic_Data.py', '--cfg-path', '/tmp/tmpo8qb_j_u']
[2025-03-17T23:35:16.727+0530] {standard_task_runner.py:105} INFO - Job 68: Subtask fetch_road_data
[2025-03-17T23:35:16.728+0530] {logging_mixin.py:190} WARNING - /home/airflow/.local/lib/python3.12/site-packages/airflow/task/task_runner/standard_task_runner.py:70 DeprecationWarning: This process (pid=248) is multi-threaded, use of fork() may lead to deadlocks in the child.
[2025-03-17T23:35:16.730+0530] {standard_task_runner.py:72} INFO - Started process 249 to run task
[2025-03-17T23:35:16.804+0530] {task_command.py:467} INFO - Running <TaskInstance: process_Trafficdata.fetch_road_data manual__2025-03-17T18:05:13.035830+00:00 [running]> on host 9e62b6891a9b
[2025-03-17T23:35:16.966+0530] {taskinstance.py:3134} INFO - Exporting env vars: AIRFLOW_CTX_DAG_OWNER='airflow' AIRFLOW_CTX_DAG_ID='process_Trafficdata' AIRFLOW_CTX_TASK_ID='fetch_road_data' AIRFLOW_CTX_EXECUTION_DATE='2025-03-17T18:05:13.035830+00:00' AIRFLOW_CTX_TRY_NUMBER='1' AIRFLOW_CTX_DAG_RUN_ID='manual__2025-03-17T18:05:13.035830+00:00'
[2025-03-17T23:35:16.969+0530] {taskinstance.py:732} INFO - ::endgroup::
[2025-03-17T23:35:16.997+0530] {road_data_real_time_traffic_onbounding_box.py:137} INFO - connect_Database() begins
[2025-03-17T23:35:17.065+0530] {logging_mixin.py:190} INFO - Using connection info: postgres
[2025-03-17T23:35:17.068+0530] {road_data_real_time_traffic_onbounding_box.py:149} INFO - connect_Database() completed
[2025-03-17T23:35:17.080+0530] {road_data_real_time_traffic_onbounding_box.py:153} INFO - road_data Main Started
[2025-03-17T23:35:17.090+0530] {road_data_real_time_traffic_onbounding_box.py:156} INFO - Lat : 28.60507059568563, LNG: 77.44698311030206
[2025-03-17T23:35:17.100+0530] {road_data_real_time_traffic_onbounding_box.py:159} INFO - Calling get_nearby_roads_with_coordinates()
[2025-03-17T23:35:17.108+0530] {logging_mixin.py:190} INFO - Do you want to run 'get_nearby_roads_with_coordinates'? (yes/no): 
[2025-03-17T23:35:17.110+0530] {road_data_real_time_traffic_onbounding_box.py:200} ERROR - exception in main: EOF when reading a line
[2025-03-17T23:35:17.118+0530] {road_data_real_time_traffic_onbounding_box.py:203} INFO - Database connection closed
[2025-03-17T23:35:17.127+0530] {python.py:240} INFO - Done. Returned value was: None
[2025-03-17T23:35:17.149+0530] {taskinstance.py:341} INFO - ::group::Post task execution logs
[2025-03-17T23:35:17.150+0530] {taskinstance.py:353} INFO - Marking task as SUCCESS. dag_id=process_Trafficdata, task_id=fetch_road_data, run_id=manual__2025-03-17T18:05:13.035830+00:00, execution_date=20250317T180513, start_date=20250317T180516, end_date=20250317T180517
[2025-03-17T23:35:17.228+0530] {local_task_job_runner.py:266} INFO - Task exited with return code 0
[2025-03-17T23:35:17.256+0530] {taskinstance.py:3901} INFO - 0 downstream tasks scheduled from follow-on schedule check
[2025-03-17T23:35:17.263+0530] {local_task_job_runner.py:245} INFO - ::endgroup::
