[2025-03-18T16:30:02.076+0530] {local_task_job_runner.py:123} INFO - ::group::Pre task execution logs
[2025-03-18T16:30:02.136+0530] {taskinstance.py:2614} INFO - Dependencies all met for dep_context=non-requeueable deps ti=<TaskInstance: process_Trafficdata.database_connection scheduled__2025-03-18T10:00:00+00:00 [queued]>
[2025-03-18T16:30:02.159+0530] {taskinstance.py:2614} INFO - Dependencies all met for dep_context=requeueable deps ti=<TaskInstance: process_Trafficdata.database_connection scheduled__2025-03-18T10:00:00+00:00 [queued]>
[2025-03-18T16:30:02.160+0530] {taskinstance.py:2867} INFO - Starting attempt 1 of 2
[2025-03-18T16:30:02.208+0530] {taskinstance.py:2890} INFO - Executing <Task(PythonOperator): database_connection> on 2025-03-18 10:00:00+00:00
[2025-03-18T16:30:02.222+0530] {standard_task_runner.py:104} INFO - Running: ['airflow', 'tasks', 'run', 'process_Trafficdata', 'database_connection', 'scheduled__2025-03-18T10:00:00+00:00', '--job-id', '115', '--raw', '--subdir', 'DAGS_FOLDER/Process_traffic_Data.py', '--cfg-path', '/tmp/tmp68l9js7o']
[2025-03-18T16:30:02.228+0530] {standard_task_runner.py:105} INFO - Job 115: Subtask database_connection
[2025-03-18T16:30:02.237+0530] {logging_mixin.py:190} WARNING - /home/airflow/.local/lib/python3.12/site-packages/airflow/task/task_runner/standard_task_runner.py:70 DeprecationWarning: This process (pid=1286) is multi-threaded, use of fork() may lead to deadlocks in the child.
[2025-03-18T16:30:02.246+0530] {standard_task_runner.py:72} INFO - Started process 1287 to run task
[2025-03-18T16:30:03.236+0530] {task_command.py:467} INFO - Running <TaskInstance: process_Trafficdata.database_connection scheduled__2025-03-18T10:00:00+00:00 [running]> on host 06f6cab71e1e
[2025-03-18T16:30:03.542+0530] {taskinstance.py:3134} INFO - Exporting env vars: AIRFLOW_CTX_DAG_OWNER='airflow' AIRFLOW_CTX_DAG_ID='process_Trafficdata' AIRFLOW_CTX_TASK_ID='database_connection' AIRFLOW_CTX_EXECUTION_DATE='2025-03-18T10:00:00+00:00' AIRFLOW_CTX_TRY_NUMBER='1' AIRFLOW_CTX_DAG_RUN_ID='scheduled__2025-03-18T10:00:00+00:00'
[2025-03-18T16:30:03.544+0530] {taskinstance.py:732} INFO - ::endgroup::
[2025-03-18T16:30:03.599+0530] {Database_connection.py:38} INFO - Database connection started.
[2025-03-18T16:30:03.662+0530] {Database_connection.py:58} INFO - Successfully connected to PostgreSQL database.
[2025-03-18T16:30:03.677+0530] {Database_connection.py:62} INFO - Schema 'roads_traffic' is ready.
[2025-03-18T16:30:03.701+0530] {Database_connection.py:76} INFO - Table 'roads' is ready.
[2025-03-18T16:30:03.729+0530] {Database_connection.py:87} INFO - Index 'roads_road_id_idx' created successfully.
[2025-03-18T16:30:03.751+0530] {Database_connection.py:115} INFO - Table 'traffic_data' is ready.
[2025-03-18T16:30:03.778+0530] {Database_connection.py:130} INFO - Index 'traffic_Data_road_id_idx' created successfully.
[2025-03-18T16:30:03.790+0530] {Database_connection.py:136} INFO - Database setup completed successfully.
[2025-03-18T16:30:03.887+0530] {python.py:240} INFO - Done. Returned value was: True
[2025-03-18T16:30:06.230+0530] {taskinstance.py:341} INFO - ::group::Post task execution logs
[2025-03-18T16:30:06.233+0530] {taskinstance.py:353} INFO - Marking task as SUCCESS. dag_id=process_Trafficdata, task_id=database_connection, run_id=scheduled__2025-03-18T10:00:00+00:00, execution_date=20250318T100000, start_date=20250318T110002, end_date=20250318T110006
[2025-03-18T16:30:06.366+0530] {local_task_job_runner.py:266} INFO - Task exited with return code 0
[2025-03-18T16:30:06.492+0530] {taskinstance.py:3901} INFO - 1 downstream tasks scheduled from follow-on schedule check
[2025-03-18T16:30:06.500+0530] {local_task_job_runner.py:245} INFO - ::endgroup::
