2024-10-21 12:58:29,533 - INFO - [{'quote': 'I love LA. Even the homeless have an IMDB page.', 'author': 'Lucifer Morningstar'}]
2024-10-21 12:58:30,691 - INFO - [{'quote': "Classic Chloe. Only you would make a point of remembering the exact amount of time you can't remember.", 'author': 'Dan Espinoza'}]
2024-10-21 12:58:30,692 - INFO - 2 Data extraction successfully
2024-10-21 13:01:16,539 - INFO - [{'quote': 'If it makes you comfy, you could call me God.', 'author': 'Lucifer Morningstar'}]
2024-10-21 13:01:18,200 - INFO - [{'quote': 'You know, if you spent as much time appealing to suspects as you do annoying me, things might go a lot faster.', 'author': 'Chloe Decker'}]
2024-10-21 13:01:18,201 - INFO - 2 Data extraction successfully
2024-10-21 13:01:31,027 - INFO - [{'quote': "My mum's gonna kill me. And before you say it, that's not a metaphor. She's literally going to kill me. She's not the forgiving type.", 'author': 'Lucifer Morningstar'}]
2024-10-21 13:01:32,314 - INFO - [{'quote': 'The best thing to do is always to follow your greatest desire.', 'author': 'Lucifer Morningstar'}]
2024-10-21 13:01:32,316 - INFO - 2 Data extraction successfully
2024-10-21 13:09:26,215 - INFO - [{'quote': 'My life imploded because of you. My marriage, my Job, my snacks. I know you ate my pudding. It was labelled!', 'author': 'Dan Espinoza'}]
2024-10-21 13:09:27,226 - INFO - [{'quote': "Sorry if it's a bit chilly. Most people think I burn hot. It's actually quite the opposite.", 'author': 'Lucifer Morningstar'}]
2024-10-21 13:09:27,227 - INFO - 2 Data extraction successfully
2024-10-21 13:10:30,952 - INFO - [{'quote': "People don't arrive broken. They start with passion and yearning till something comes along that disabuses them of those notions.", 'author': 'Lucifer Morningstar'}]
2024-10-21 13:10:31,960 - INFO - [{'quote': 'My life imploded because of you. My marriage, my Job, my snacks. I know you ate my pudding. It was labelled!', 'author': 'Dan Espinoza'}]
2024-10-21 13:10:31,961 - INFO - 2 Data extraction successfully
2024-10-21 13:11:35,774 - INFO - [{'quote': "It's always the ones you least suspect, the ones you trust the most, that hurt you. They wait until your guard is down and then wham! In my case, it was tequila.", 'author': 'Ella Lopez'}]
2024-10-21 13:11:36,828 - INFO - [{'quote': 'You know, if you spent as much time appealing to suspects as you do annoying me, things might go a lot faster.', 'author': 'Chloe Decker'}]
2024-10-21 13:11:36,829 - INFO - 2 Data extraction successfully
2024-10-21 13:12:40,553 - INFO - [{'quote': 'I love LA. Even the homeless have an IMDB page.', 'author': 'Lucifer Morningstar'}]
2024-10-21 13:12:41,595 - INFO - [{'quote': 'No matter how bad things get, the true test is how we choose to respond to the pain we suffer, or inflict.', 'author': 'Amenadiel'}]
2024-10-21 13:12:41,597 - INFO - 2 Data extraction successfully
2024-10-21 13:20:42,932 - INFO - [{'quote': 'Immortality? Mm. Of course. Uh…you spell that with one or two "m"s? I always forget.', 'author': 'Chloe Decker'}]
2024-10-21 13:20:44,162 - INFO - [{'quote': "We can't control what happens to us, only how it affects us and the choices we make.", 'author': 'Chloe Decker'}]
2024-10-21 13:20:44,163 - INFO - 2 Data extraction successfully
2024-10-21 13:23:24,110 - INFO - [{'quote': "I find that people make Los Angeles their home for one of two reasons. Either they're running from something, or looking for something.", 'author': 'Linda Martin'}]
2024-10-21 13:23:25,850 - INFO - [{'quote': "Miracles aren't my thing, but I'm sure we can come to an arrangement.", 'author': 'Lucifer Morningstar'}]
2024-10-21 13:23:25,852 - INFO - 2 Data extraction successfully
2024-10-21 13:23:29,608 - INFO - Total records transformed: 2
2024-10-21 13:28:17,283 - INFO - [{'quote': "A deal's a deal, especially one with the Devil.", 'author': 'Lucifer Morningstar'}]
2024-10-21 13:28:18,922 - INFO - [{'quote': "Sorry if it's a bit chilly. Most people think I burn hot. It's actually quite the opposite.", 'author': 'Lucifer Morningstar'}]
2024-10-21 13:28:18,923 - INFO - 2 Data extraction successfully
2024-10-21 13:38:32,071 - INFO - [{'quote': "Lately I've been thinking. Do you think I'm the Devil because I'm inherently evil, or just because dear ol' dad decided I was?", 'author': 'Lucifer Morningstar'}]
2024-10-21 13:38:33,242 - INFO - [{'quote': "Well, who wouldn't want to be with their greatest desire?", 'author': 'Amenadiel'}]
2024-10-21 13:38:33,243 - INFO - 2 Data extraction successfully
2024-10-21 13:38:36,222 - INFO - Total records transformed: 2
2024-10-21 13:38:38,964 - INFO - Data To transform : [['Lucifer Morningstar', "Lately I've been thinking. Do you think I'm the Devil because I'm inherently evil, or just because dear ol' dad decided I was?"], ['Amenadiel', "Well, who wouldn't want to be with their greatest desire?"]]
2024-10-21 14:08:14,281 - INFO - [{'quote': "A deal's a deal, especially one with the Devil.", 'author': 'Lucifer Morningstar'}]
2024-10-21 14:08:16,009 - INFO - [{'quote': "Well, that is a shame. 'Cause you and my backside used to get on very well.", 'author': 'Lucifer Morningstar'}]
2024-10-21 14:08:16,011 - INFO - 2 Data extraction successfully
2024-10-21 14:08:18,786 - INFO - Total records transformed: 2
2024-10-21 14:17:18,501 - INFO - Data To transform : [['Lucifer Morningstar', "A deal's a deal, especially one with the Devil."], ['Lucifer Morningstar', "Well, that is a shame. 'Cause you and my backside used to get on very well."]]
2024-10-21 14:17:18,589 - INFO - Successfully loaded 2 records into the database.
2024-10-21 14:17:52,207 - INFO - [{'quote': "Whenever I'm procrastinating on something, I make an appointment for myself to do it. That way, can't back out. Like, for example, when I had to ask my landlord permission to get Bob, literally put it on my calendar.", 'author': 'Ella Lopez'}]
2024-10-21 14:17:53,864 - INFO - [{'quote': "Lately I've been thinking. Do you think I'm the Devil because I'm inherently evil, or just because dear ol' dad decided I was?", 'author': 'Lucifer Morningstar'}]
2024-10-21 14:17:53,865 - INFO - 2 Data extraction successfully
2024-10-21 14:17:56,562 - INFO - Total records transformed: 2
2024-10-21 14:17:59,888 - INFO - Data To transform : [['Ella Lopez', "Whenever I'm procrastinating on something, I make an appointment for myself to do it. That way, can't back out. Like, for example, when I had to ask my landlord permission to get Bob, literally put it on my calendar."], ['Lucifer Morningstar', "Lately I've been thinking. Do you think I'm the Devil because I'm inherently evil, or just because dear ol' dad decided I was?"]]
2024-10-21 14:17:59,960 - INFO - Successfully loaded 2 records into the database.
2024-10-21 14:24:37,424 - INFO - [{'quote': 'My life imploded because of you. My marriage, my Job, my snacks. I know you ate my pudding. It was labelled!', 'author': 'Dan Espinoza'}]
2024-10-21 14:24:39,674 - INFO - [{'quote': "I can't go downstairs, Detective. Between my sunglasses, scarf and gloves, I'll look like Stevie Wonder on a snow day.", 'author': 'Lucifer Morningstar'}]
2024-10-21 14:24:39,675 - INFO - 2 Data extraction successfully
2024-10-21 14:24:42,261 - INFO - Total records transformed: 2
2024-10-21 14:24:44,936 - INFO - Data To transform : [['Dan Espinoza', 'My life imploded because of you. My marriage, my Job, my snacks. I know you ate my pudding. It was labelled!'], ['Lucifer Morningstar', "I can't go downstairs, Detective. Between my sunglasses, scarf and gloves, I'll look like Stevie Wonder on a snow day."]]
2024-10-21 14:24:45,002 - INFO - Successfully loaded 2 records into the database.
2024-10-21 14:32:31,402 - INFO - [{'quote': 'You know, joining each other at crime scenes, bantering over dead bodies. And where does that leave you, right?', 'author': 'Ella Lopez'}]
2024-10-21 14:32:32,661 - INFO - [{'quote': "No one expects you to change overnight. It's hard to be one of the good guys. Look, I screw up, too. I've made plenty of mistakes believe me. But I don't quit… and I know that counts for something. At least you're trying, right?", 'author': 'Dan Espinoza'}]
2024-10-21 14:32:34,462 - INFO - [{'quote': "It's really not a good day for…your…Luciferness.", 'author': 'Chloe Decker'}]
2024-10-21 14:32:35,989 - INFO - [{'quote': "Well, who wouldn't want to be with their greatest desire?", 'author': 'Amenadiel'}]
2024-10-21 14:32:37,787 - INFO - [{'quote': 'Anybody worth dating should understand everything that makes you… you.', 'author': 'Eve'}]
2024-10-21 14:32:38,978 - INFO - [{'quote': 'Oh, right. The Eve, from the Garden of Eden. I mean, I am carrying an angel baby. I guess this is just a normal Tuesday for me now.', 'author': 'Linda Martin'}]
2024-10-21 14:32:40,025 - INFO - [{'quote': 'You know, joining each other at crime scenes, bantering over dead bodies. And where does that leave you, right?', 'author': 'Ella Lopez'}]
2024-10-21 14:32:41,799 - INFO - [{'quote': "All my time with Dr. Linda has been about exploring the denial that I'm in, but I've overcome that now, I've had an honest-to-Devil epiphany. Now all my problems should just, you know, go away.", 'author': 'Lucifer Morningstar'}]
2024-10-21 14:32:43,087 - INFO - [{'quote': 'I got paid as a bounty hunter. Hunting humans is a job! Who knew?', 'author': 'Mazikeen Smith'}]
2024-10-21 14:32:44,855 - INFO - [{'quote': "It's really not a good day for…your…Luciferness.", 'author': 'Chloe Decker'}]
2024-10-21 14:32:45,973 - INFO - [{'quote': "Ah, well, no need to thank me for my heroism. Well, maybe just a little. No one's stopping you.", 'author': 'Lucifer Morningstar'}]
2024-10-21 14:32:47,155 - INFO - [{'quote': 'I want you to teach me your secret. I want you to show me how to be a tool.', 'author': 'Lucifer Morningstar'}]
2024-10-21 14:32:48,326 - INFO - [{'quote': 'Hell truly hath no fury like a woman scorned.', 'author': 'Lucifer Morningstar'}]
2024-10-21 14:32:49,514 - INFO - [{'quote': "Classic Chloe. Only you would make a point of remembering the exact amount of time you can't remember.", 'author': 'Dan Espinoza'}]
2024-10-21 14:32:50,991 - INFO - [{'quote': "Whenever I'm procrastinating on something, I make an appointment for myself to do it. That way, can't back out. Like, for example, when I had to ask my landlord permission to get Bob, literally put it on my calendar.", 'author': 'Ella Lopez'}]
2024-10-21 14:32:52,322 - INFO - [{'quote': "You sure you don't want to chase after her? Maybe I can ask Father for some rain and make it a moment.", 'author': 'Amenadiel'}]
2024-10-21 14:32:53,650 - INFO - [{'quote': "You see, what I hate more than anything is a liar. A charlatan. Someone who doesn't believe in what they say.", 'author': 'Lucifer Morningstar'}]
2024-10-21 14:32:54,740 - INFO - [{'quote': "Lately I've been thinking. Do you think I'm the Devil because I'm inherently evil, or just because dear ol' dad decided I was?", 'author': 'Lucifer Morningstar'}]
2024-10-21 14:32:55,972 - INFO - [{'quote': 'Say you fall in love with a woman who has a cat. What are you gonna do? You accept the cat.', 'author': 'Dan Espinoza'}]
2024-10-21 14:32:57,236 - INFO - [{'quote': "Just whenever you're faced with a choice, ask yourself the question:WWLD? What would Lucifer do?", 'author': 'Lucifer Morningstar'}]
2024-10-21 14:32:58,772 - INFO - [{'quote': 'I love LA. Even the homeless have an IMDB page.', 'author': 'Lucifer Morningstar'}]
2024-10-21 14:32:59,895 - INFO - [{'quote': "Well, that is a shame. 'Cause you and my backside used to get on very well.", 'author': 'Lucifer Morningstar'}]
2024-10-21 14:33:01,024 - INFO - [{'quote': "Let me play the Me's advocate.", 'author': 'Lucifer Morningstar'}]
2024-10-21 14:33:02,221 - INFO - [{'quote': "I mean if all the apples are bad...maybe it's the tree that's the problem.", 'author': 'Lucifer Morningstar'}]
2024-10-21 14:33:03,485 - INFO - [{'quote': "Well, that is a shame. 'Cause you and my backside used to get on very well.", 'author': 'Lucifer Morningstar'}]
2024-10-21 14:33:04,710 - INFO - [{'quote': "What about the name Zoriel? That's a good name for a warrior. We can call him Zori for short. Or Ezekiel. Zek.", 'author': 'Amenadiel'}]
2024-10-21 14:33:05,836 - INFO - [{'quote': 'Say you fall in love with a woman who has a cat. What are you gonna do? You accept the cat.', 'author': 'Dan Espinoza'}]
2024-10-21 14:33:06,966 - INFO - [{'quote': "People don't arrive broken. They start with passion and yearning till something comes along that disabuses them of those notions.", 'author': 'Lucifer Morningstar'}]
2024-10-21 14:33:08,166 - INFO - [{'quote': 'Immortality? Mm. Of course. Uh…you spell that with one or two "m"s? I always forget.', 'author': 'Chloe Decker'}]
2024-10-21 14:33:09,166 - INFO - [{'quote': "Desire shouldn't be contained, it's unnatural.", 'author': 'Lucifer Morningstar'}]
2024-10-21 14:33:10,343 - INFO - [{'quote': "There's a good chance this thing might come out of me with wings. Wings!", 'author': 'Linda Martin'}]
2024-10-21 14:33:11,467 - INFO - [{'quote': "Yeah, well, our Father's been disrespecting me since the beginning of time, so pot-kettle, don't you think?", 'author': 'Lucifer Morningstar'}]
2024-10-21 14:33:12,504 - INFO - [{'quote': "If you truly worship the dollar, then I'm your ticket to divinity.", 'author': 'Lucifer Morningstar'}]
2024-10-21 14:33:13,623 - INFO - [{'quote': "No one expects you to change overnight. It's hard to be one of the good guys. Look, I screw up, too. I've made plenty of mistakes believe me. But I don't quit… and I know that counts for something. At least you're trying, right?", 'author': 'Dan Espinoza'}]
2024-10-21 14:33:14,849 - INFO - [{'quote': "Why don't you tell me something? How did she end up dying in a hailstorm of bullets and you get away without a scratch? I think that's interesting, don't you?", 'author': 'Chloe Decker'}]
2024-10-21 14:33:16,013 - INFO - [{'quote': 'We might not always understand it, but God has a plan.', 'author': 'Father Frank'}]
2024-10-21 14:33:17,511 - INFO - [{'quote': 'You people misunderstand me. You call me Satan and Devil but… do you know my crime? I loved God too much. And for that he betrayed me — punished me.', 'author': 'Lucifer Morningstar'}]
2024-10-21 14:33:18,639 - INFO - [{'quote': 'Oh, right. The Eve, from the Garden of Eden. I mean, I am carrying an angel baby. I guess this is just a normal Tuesday for me now.', 'author': 'Linda Martin'}]
2024-10-21 14:33:19,851 - INFO - [{'quote': "We can't control what happens to us, only how it affects us and the choices we make.", 'author': 'Chloe Decker'}]
2024-10-21 14:33:21,163 - INFO - [{'quote': "If you truly worship the dollar, then I'm your ticket to divinity.", 'author': 'Lucifer Morningstar'}]
2024-10-21 14:33:22,481 - INFO - [{'quote': "I can't go downstairs, Detective. Between my sunglasses, scarf and gloves, I'll look like Stevie Wonder on a snow day.", 'author': 'Lucifer Morningstar'}]
2024-10-21 14:33:23,861 - INFO - [{'quote': 'If it makes you comfy, you could call me God.', 'author': 'Lucifer Morningstar'}]
2024-10-21 14:33:25,089 - INFO - [{'quote': "Just whenever you're faced with a choice, ask yourself the question:WWLD? What would Lucifer do?", 'author': 'Lucifer Morningstar'}]
2024-10-21 14:33:26,286 - INFO - [{'quote': 'I got paid as a bounty hunter. Hunting humans is a job! Who knew?', 'author': 'Mazikeen Smith'}]
2024-10-21 14:33:27,492 - INFO - [{'quote': 'I got paid as a bounty hunter. Hunting humans is a job! Who knew?', 'author': 'Mazikeen Smith'}]
2024-10-21 14:33:28,644 - INFO - [{'quote': "I find that people make Los Angeles their home for one of two reasons. Either they're running from something, or looking for something.", 'author': 'Linda Martin'}]
2024-10-21 14:33:29,917 - INFO - [{'quote': 'Say you fall in love with a woman who has a cat. What are you gonna do? You accept the cat.', 'author': 'Dan Espinoza'}]
2024-10-21 14:33:31,144 - INFO - [{'quote': 'Detective Decker is out there protecting them. She is...truly good.', 'author': 'Lucifer Morningstar'}]
2024-10-21 14:33:32,358 - INFO - [{'quote': "Yeah, well, our Father's been disrespecting me since the beginning of time, so pot-kettle, don't you think?", 'author': 'Lucifer Morningstar'}]
2024-10-21 14:33:33,609 - INFO - [{'quote': "Lately I've been thinking. Do you think I'm the Devil because I'm inherently evil, or just because dear ol' dad decided I was?", 'author': 'Lucifer Morningstar'}]
2024-10-21 14:33:34,818 - INFO - [{'quote': "Yeah, well, our Father's been disrespecting me since the beginning of time, so pot-kettle, don't you think?", 'author': 'Lucifer Morningstar'}]
2024-10-21 14:33:36,394 - INFO - [{'quote': 'What happens in Heaven, stays in Heaven.', 'author': 'Lucifer Morningstar'}]
2024-10-21 14:33:37,523 - INFO - [{'quote': "I'm trying to say this from a constructive place. I can feel your negative vibrations from across the room, man.", 'author': 'Dan Espinoza'}]
2024-10-21 14:33:38,562 - INFO - [{'quote': "We can't control what happens to us, only how it affects us and the choices we make.", 'author': 'Chloe Decker'}]
2024-10-21 14:33:39,733 - INFO - [{'quote': "What do you say, Sam? A fiddle of gold against your soul says I'm better than you.", 'author': 'Lucifer Morningstar'}]
2024-10-21 14:33:40,858 - INFO - [{'quote': "No, of course not. I detest the little creatures. And I'd certainly never put one in my mouth.", 'author': 'Lucifer Morningstar'}]
2024-10-21 14:33:42,189 - INFO - [{'quote': "I'm like walking heroin, very habit forming. It never ends well.", 'author': 'Lucifer Morningstar'}]
2024-10-21 14:33:43,419 - INFO - [{'quote': "No, of course not. I detest the little creatures. And I'd certainly never put one in my mouth.", 'author': 'Lucifer Morningstar'}]
2024-10-21 14:33:44,515 - INFO - [{'quote': "Just whenever you're faced with a choice, ask yourself the question:WWLD? What would Lucifer do?", 'author': 'Lucifer Morningstar'}]
2024-10-21 14:33:45,583 - INFO - [{'quote': "If it were that easy to kill me, I'd have been dead a long time ago!", 'author': 'Cain'}]
2024-10-21 14:33:46,797 - INFO - [{'quote': 'Trust me, a church confessional has nothing compared to pillow talk.', 'author': 'Lucifer Morningstar'}]
2024-10-21 14:33:47,897 - INFO - [{'quote': "What about the name Zoriel? That's a good name for a warrior. We can call him Zori for short. Or Ezekiel. Zek.", 'author': 'Amenadiel'}]
2024-10-21 14:33:49,009 - INFO - [{'quote': 'You know, if you spent as much time appealing to suspects as you do annoying me, things might go a lot faster.', 'author': 'Chloe Decker'}]
2024-10-21 14:33:50,075 - INFO - [{'quote': 'Hell truly hath no fury like a woman scorned.', 'author': 'Lucifer Morningstar'}]
2024-10-21 14:33:51,209 - INFO - [{'quote': "Always gratifying to find out that one's nemesis is altogether lacking in style.", 'author': 'Lucifer Morningstar'}]
2024-10-21 14:33:52,291 - INFO - [{'quote': "People don't arrive broken. They start with passion and yearning till something comes along that disabuses them of those notions.", 'author': 'Lucifer Morningstar'}]
2024-10-21 14:33:53,453 - INFO - [{'quote': "Whenever I'm procrastinating on something, I make an appointment for myself to do it. That way, can't back out. Like, for example, when I had to ask my landlord permission to get Bob, literally put it on my calendar.", 'author': 'Ella Lopez'}]
2024-10-21 14:33:54,538 - INFO - [{'quote': 'I want you to teach me your secret. I want you to show me how to be a tool.', 'author': 'Lucifer Morningstar'}]
2024-10-21 14:33:55,566 - INFO - [{'quote': "People don't have power over us. We give it to them.", 'author': 'Lucifer Morningstar'}]
2024-10-21 14:33:56,733 - INFO - [{'quote': 'Why do humans think they can rectify one evil with another?', 'author': 'Chloe Decker'}]
2024-10-21 14:33:57,811 - INFO - [{'quote': "People don't have power over us. We give it to them.", 'author': 'Lucifer Morningstar'}]
2024-10-21 14:33:58,838 - INFO - [{'quote': "Yeah, well, our Father's been disrespecting me since the beginning of time, so pot-kettle, don't you think?", 'author': 'Lucifer Morningstar'}]
2024-10-21 14:34:00,003 - INFO - [{'quote': 'Anybody worth dating should understand everything that makes you… you.', 'author': 'Eve'}]
2024-10-21 14:34:01,236 - INFO - [{'quote': 'Sometimes we need to lose something before we can understand its value.', 'author': 'Linda Martin'}]
2024-10-21 14:34:02,705 - INFO - [{'quote': 'You people misunderstand me. You call me Satan and Devil but… do you know my crime? I loved God too much. And for that he betrayed me — punished me.', 'author': 'Lucifer Morningstar'}]
2024-10-21 14:34:03,759 - INFO - [{'quote': 'We might not always understand it, but God has a plan.', 'author': 'Father Frank'}]
2024-10-21 14:34:04,921 - INFO - [{'quote': "I find that people make Los Angeles their home for one of two reasons. Either they're running from something, or looking for something.", 'author': 'Linda Martin'}]
2024-10-21 14:34:06,151 - INFO - [{'quote': 'Say you fall in love with a woman who has a cat. What are you gonna do? You accept the cat.', 'author': 'Dan Espinoza'}]
2024-10-21 14:34:07,233 - INFO - [{'quote': "What about the name Zoriel? That's a good name for a warrior. We can call him Zori for short. Or Ezekiel. Zek.", 'author': 'Amenadiel'}]
2024-10-21 14:34:08,508 - INFO - [{'quote': "Whenever I'm procrastinating on something, I make an appointment for myself to do it. That way, can't back out. Like, for example, when I had to ask my landlord permission to get Bob, literally put it on my calendar.", 'author': 'Ella Lopez'}]
2024-10-21 14:34:09,632 - INFO - [{'quote': 'Immortality? Mm. Of course. Uh…you spell that with one or two "m"s? I always forget.', 'author': 'Chloe Decker'}]
2024-10-21 14:34:10,862 - INFO - [{'quote': "No, of course not. I detest the little creatures. And I'd certainly never put one in my mouth.", 'author': 'Lucifer Morningstar'}]
2024-10-21 14:34:11,954 - INFO - [{'quote': "A deal's a deal, especially one with the Devil.", 'author': 'Lucifer Morningstar'}]
2024-10-21 14:34:13,012 - INFO - [{'quote': "All my time with Dr. Linda has been about exploring the denial that I'm in, but I've overcome that now, I've had an honest-to-Devil epiphany. Now all my problems should just, you know, go away.", 'author': 'Lucifer Morningstar'}]
2024-10-21 14:34:14,137 - INFO - [{'quote': 'I find people who are rude usually feel powerless in their own lives. Terrified of not being in control.', 'author': 'Linda Martin'}]
2024-10-21 14:34:15,328 - INFO - [{'quote': "You see, what I hate more than anything is a liar. A charlatan. Someone who doesn't believe in what they say.", 'author': 'Lucifer Morningstar'}]
2024-10-21 14:34:16,493 - INFO - [{'quote': "Why don't you tell me something? How did she end up dying in a hailstorm of bullets and you get away without a scratch? I think that's interesting, don't you?", 'author': 'Chloe Decker'}]
2024-10-21 14:34:17,619 - INFO - [{'quote': 'I find people who are rude usually feel powerless in their own lives. Terrified of not being in control.', 'author': 'Linda Martin'}]
2024-10-21 14:34:18,951 - INFO - [{'quote': "People don't have power over us. We give it to them.", 'author': 'Lucifer Morningstar'}]
2024-10-21 14:34:20,048 - INFO - [{'quote': 'We might not always understand it, but God has a plan.', 'author': 'Father Frank'}]
2024-10-21 14:34:21,207 - INFO - [{'quote': "You sure you don't want to chase after her? Maybe I can ask Father for some rain and make it a moment.", 'author': 'Amenadiel'}]
2024-10-21 14:34:22,331 - INFO - [{'quote': "Lately I've been thinking. Do you think I'm the Devil because I'm inherently evil, or just because dear ol' dad decided I was?", 'author': 'Lucifer Morningstar'}]
2024-10-21 14:34:23,398 - INFO - [{'quote': "What do you say, Sam? A fiddle of gold against your soul says I'm better than you.", 'author': 'Lucifer Morningstar'}]
2024-10-21 14:34:24,480 - INFO - [{'quote': 'When the devil walks the earth and meets his first love; means you consider me to be your... first love. Ergo! You love me.', 'author': 'Eve'}]
2024-10-21 14:34:25,709 - INFO - [{'quote': 'Oh, right. The Eve, from the Garden of Eden. I mean, I am carrying an angel baby. I guess this is just a normal Tuesday for me now.', 'author': 'Linda Martin'}]
2024-10-21 14:34:26,837 - INFO - [{'quote': 'Immortality? Mm. Of course. Uh…you spell that with one or two "m"s? I always forget.', 'author': 'Chloe Decker'}]
2024-10-21 14:34:27,961 - INFO - [{'quote': 'What happens in Heaven, stays in Heaven.', 'author': 'Lucifer Morningstar'}]
2024-10-21 14:34:29,039 - INFO - [{'quote': 'When angels fall, they also… rise.', 'author': 'Linda Martin'}]
2024-10-21 14:34:30,316 - INFO - [{'quote': "Whenever I'm procrastinating on something, I make an appointment for myself to do it. That way, can't back out. Like, for example, when I had to ask my landlord permission to get Bob, literally put it on my calendar.", 'author': 'Ella Lopez'}]
2024-10-21 14:34:31,546 - INFO - [{'quote': 'Trust me, a church confessional has nothing compared to pillow talk.', 'author': 'Lucifer Morningstar'}]
2024-10-21 14:34:31,547 - INFO - 100 Data extraction successfully
2024-10-21 14:34:34,134 - INFO - Total records transformed: 100
2024-10-21 14:34:36,754 - INFO - Data To transform : [['Ella Lopez', 'You know, joining each other at crime scenes, bantering over dead bodies. And where does that leave you, right?'], ['Dan Espinoza', "No one expects you to change overnight. It's hard to be one of the good guys. Look, I screw up, too. I've made plenty of mistakes believe me. But I don't quit… and I know that counts for something. At least you're trying, right?"], ['Chloe Decker', "It's really not a good day for…your…Luciferness."], ['Amenadiel', "Well, who wouldn't want to be with their greatest desire?"], ['Eve', 'Anybody worth dating should understand everything that makes you… you.'], ['Linda Martin', 'Oh, right. The Eve, from the Garden of Eden. I mean, I am carrying an angel baby. I guess this is just a normal Tuesday for me now.'], ['Ella Lopez', 'You know, joining each other at crime scenes, bantering over dead bodies. And where does that leave you, right?'], ['Lucifer Morningstar', "All my time with Dr. Linda has been about exploring the denial that I'm in, but I've overcome that now, I've had an honest-to-Devil epiphany. Now all my problems should just, you know, go away."], ['Mazikeen Smith', 'I got paid as a bounty hunter. Hunting humans is a job! Who knew?'], ['Chloe Decker', "It's really not a good day for…your…Luciferness."], ['Lucifer Morningstar', "Ah, well, no need to thank me for my heroism. Well, maybe just a little. No one's stopping you."], ['Lucifer Morningstar', 'I want you to teach me your secret. I want you to show me how to be a tool.'], ['Lucifer Morningstar', 'Hell truly hath no fury like a woman scorned.'], ['Dan Espinoza', "Classic Chloe. Only you would make a point of remembering the exact amount of time you can't remember."], ['Ella Lopez', "Whenever I'm procrastinating on something, I make an appointment for myself to do it. That way, can't back out. Like, for example, when I had to ask my landlord permission to get Bob, literally put it on my calendar."], ['Amenadiel', "You sure you don't want to chase after her? Maybe I can ask Father for some rain and make it a moment."], ['Lucifer Morningstar', "You see, what I hate more than anything is a liar. A charlatan. Someone who doesn't believe in what they say."], ['Lucifer Morningstar', "Lately I've been thinking. Do you think I'm the Devil because I'm inherently evil, or just because dear ol' dad decided I was?"], ['Dan Espinoza', 'Say you fall in love with a woman who has a cat. What are you gonna do? You accept the cat.'], ['Lucifer Morningstar', "Just whenever you're faced with a choice, ask yourself the question:WWLD? What would Lucifer do?"], ['Lucifer Morningstar', 'I love LA. Even the homeless have an IMDB page.'], ['Lucifer Morningstar', "Well, that is a shame. 'Cause you and my backside used to get on very well."], ['Lucifer Morningstar', "Let me play the Me's advocate."], ['Lucifer Morningstar', "I mean if all the apples are bad...maybe it's the tree that's the problem."], ['Lucifer Morningstar', "Well, that is a shame. 'Cause you and my backside used to get on very well."], ['Amenadiel', "What about the name Zoriel? That's a good name for a warrior. We can call him Zori for short. Or Ezekiel. Zek."], ['Dan Espinoza', 'Say you fall in love with a woman who has a cat. What are you gonna do? You accept the cat.'], ['Lucifer Morningstar', "People don't arrive broken. They start with passion and yearning till something comes along that disabuses them of those notions."], ['Chloe Decker', 'Immortality? Mm. Of course. Uh…you spell that with one or two "m"s? I always forget.'], ['Lucifer Morningstar', "Desire shouldn't be contained, it's unnatural."], ['Linda Martin', "There's a good chance this thing might come out of me with wings. Wings!"], ['Lucifer Morningstar', "Yeah, well, our Father's been disrespecting me since the beginning of time, so pot-kettle, don't you think?"], ['Lucifer Morningstar', "If you truly worship the dollar, then I'm your ticket to divinity."], ['Dan Espinoza', "No one expects you to change overnight. It's hard to be one of the good guys. Look, I screw up, too. I've made plenty of mistakes believe me. But I don't quit… and I know that counts for something. At least you're trying, right?"], ['Chloe Decker', "Why don't you tell me something? How did she end up dying in a hailstorm of bullets and you get away without a scratch? I think that's interesting, don't you?"], ['Father Frank', 'We might not always understand it, but God has a plan.'], ['Lucifer Morningstar', 'You people misunderstand me. You call me Satan and Devil but… do you know my crime? I loved God too much. And for that he betrayed me — punished me.'], ['Linda Martin', 'Oh, right. The Eve, from the Garden of Eden. I mean, I am carrying an angel baby. I guess this is just a normal Tuesday for me now.'], ['Chloe Decker', "We can't control what happens to us, only how it affects us and the choices we make."], ['Lucifer Morningstar', "If you truly worship the dollar, then I'm your ticket to divinity."], ['Lucifer Morningstar', "I can't go downstairs, Detective. Between my sunglasses, scarf and gloves, I'll look like Stevie Wonder on a snow day."], ['Lucifer Morningstar', 'If it makes you comfy, you could call me God.'], ['Lucifer Morningstar', "Just whenever you're faced with a choice, ask yourself the question:WWLD? What would Lucifer do?"], ['Mazikeen Smith', 'I got paid as a bounty hunter. Hunting humans is a job! Who knew?'], ['Mazikeen Smith', 'I got paid as a bounty hunter. Hunting humans is a job! Who knew?'], ['Linda Martin', "I find that people make Los Angeles their home for one of two reasons. Either they're running from something, or looking for something."], ['Dan Espinoza', 'Say you fall in love with a woman who has a cat. What are you gonna do? You accept the cat.'], ['Lucifer Morningstar', 'Detective Decker is out there protecting them. She is...truly good.'], ['Lucifer Morningstar', "Yeah, well, our Father's been disrespecting me since the beginning of time, so pot-kettle, don't you think?"], ['Lucifer Morningstar', "Lately I've been thinking. Do you think I'm the Devil because I'm inherently evil, or just because dear ol' dad decided I was?"], ['Lucifer Morningstar', "Yeah, well, our Father's been disrespecting me since the beginning of time, so pot-kettle, don't you think?"], ['Lucifer Morningstar', 'What happens in Heaven, stays in Heaven.'], ['Dan Espinoza', "I'm trying to say this from a constructive place. I can feel your negative vibrations from across the room, man."], ['Chloe Decker', "We can't control what happens to us, only how it affects us and the choices we make."], ['Lucifer Morningstar', "What do you say, Sam? A fiddle of gold against your soul says I'm better than you."], ['Lucifer Morningstar', "No, of course not. I detest the little creatures. And I'd certainly never put one in my mouth."], ['Lucifer Morningstar', "I'm like walking heroin, very habit forming. It never ends well."], ['Lucifer Morningstar', "No, of course not. I detest the little creatures. And I'd certainly never put one in my mouth."], ['Lucifer Morningstar', "Just whenever you're faced with a choice, ask yourself the question:WWLD? What would Lucifer do?"], ['Cain', "If it were that easy to kill me, I'd have been dead a long time ago!"], ['Lucifer Morningstar', 'Trust me, a church confessional has nothing compared to pillow talk.'], ['Amenadiel', "What about the name Zoriel? That's a good name for a warrior. We can call him Zori for short. Or Ezekiel. Zek."], ['Chloe Decker', 'You know, if you spent as much time appealing to suspects as you do annoying me, things might go a lot faster.'], ['Lucifer Morningstar', 'Hell truly hath no fury like a woman scorned.'], ['Lucifer Morningstar', "Always gratifying to find out that one's nemesis is altogether lacking in style."], ['Lucifer Morningstar', "People don't arrive broken. They start with passion and yearning till something comes along that disabuses them of those notions."], ['Ella Lopez', "Whenever I'm procrastinating on something, I make an appointment for myself to do it. That way, can't back out. Like, for example, when I had to ask my landlord permission to get Bob, literally put it on my calendar."], ['Lucifer Morningstar', 'I want you to teach me your secret. I want you to show me how to be a tool.'], ['Lucifer Morningstar', "People don't have power over us. We give it to them."], ['Chloe Decker', 'Why do humans think they can rectify one evil with another?'], ['Lucifer Morningstar', "People don't have power over us. We give it to them."], ['Lucifer Morningstar', "Yeah, well, our Father's been disrespecting me since the beginning of time, so pot-kettle, don't you think?"], ['Eve', 'Anybody worth dating should understand everything that makes you… you.'], ['Linda Martin', 'Sometimes we need to lose something before we can understand its value.'], ['Lucifer Morningstar', 'You people misunderstand me. You call me Satan and Devil but… do you know my crime? I loved God too much. And for that he betrayed me — punished me.'], ['Father Frank', 'We might not always understand it, but God has a plan.'], ['Linda Martin', "I find that people make Los Angeles their home for one of two reasons. Either they're running from something, or looking for something."], ['Dan Espinoza', 'Say you fall in love with a woman who has a cat. What are you gonna do? You accept the cat.'], ['Amenadiel', "What about the name Zoriel? That's a good name for a warrior. We can call him Zori for short. Or Ezekiel. Zek."], ['Ella Lopez', "Whenever I'm procrastinating on something, I make an appointment for myself to do it. That way, can't back out. Like, for example, when I had to ask my landlord permission to get Bob, literally put it on my calendar."], ['Chloe Decker', 'Immortality? Mm. Of course. Uh…you spell that with one or two "m"s? I always forget.'], ['Lucifer Morningstar', "No, of course not. I detest the little creatures. And I'd certainly never put one in my mouth."], ['Lucifer Morningstar', "A deal's a deal, especially one with the Devil."], ['Lucifer Morningstar', "All my time with Dr. Linda has been about exploring the denial that I'm in, but I've overcome that now, I've had an honest-to-Devil epiphany. Now all my problems should just, you know, go away."], ['Linda Martin', 'I find people who are rude usually feel powerless in their own lives. Terrified of not being in control.'], ['Lucifer Morningstar', "You see, what I hate more than anything is a liar. A charlatan. Someone who doesn't believe in what they say."], ['Chloe Decker', "Why don't you tell me something? How did she end up dying in a hailstorm of bullets and you get away without a scratch? I think that's interesting, don't you?"], ['Linda Martin', 'I find people who are rude usually feel powerless in their own lives. Terrified of not being in control.'], ['Lucifer Morningstar', "People don't have power over us. We give it to them."], ['Father Frank', 'We might not always understand it, but God has a plan.'], ['Amenadiel', "You sure you don't want to chase after her? Maybe I can ask Father for some rain and make it a moment."], ['Lucifer Morningstar', "Lately I've been thinking. Do you think I'm the Devil because I'm inherently evil, or just because dear ol' dad decided I was?"], ['Lucifer Morningstar', "What do you say, Sam? A fiddle of gold against your soul says I'm better than you."], ['Eve', 'When the devil walks the earth and meets his first love; means you consider me to be your... first love. Ergo! You love me.'], ['Linda Martin', 'Oh, right. The Eve, from the Garden of Eden. I mean, I am carrying an angel baby. I guess this is just a normal Tuesday for me now.'], ['Chloe Decker', 'Immortality? Mm. Of course. Uh…you spell that with one or two "m"s? I always forget.'], ['Lucifer Morningstar', 'What happens in Heaven, stays in Heaven.'], ['Linda Martin', 'When angels fall, they also… rise.'], ['Ella Lopez', "Whenever I'm procrastinating on something, I make an appointment for myself to do it. That way, can't back out. Like, for example, when I had to ask my landlord permission to get Bob, literally put it on my calendar."], ['Lucifer Morningstar', 'Trust me, a church confessional has nothing compared to pillow talk.']]
2024-10-21 14:34:36,874 - INFO - Successfully loaded 100 records into the database.
2024-10-22 10:32:51,561 - INFO - 0 Data extraction successfully
2024-10-22 10:32:54,013 - INFO - Total records transformed: 0
2024-10-22 10:32:57,092 - INFO - Data To transform : []
2024-10-22 10:32:57,119 - ERROR - No data to load
2024-10-22 10:59:06,999 - INFO - 0 Data extraction successfully
2024-10-22 10:59:09,330 - ERROR - no  data to transform
2024-10-22 10:59:11,592 - INFO - Data To transform : []
2024-10-22 10:59:11,619 - ERROR - No data to load
