[2025-03-18T17:05:39.973+0530] {local_task_job_runner.py:123} INFO - ::group::Pre task execution logs
[2025-03-18T17:05:40.028+0530] {taskinstance.py:2614} INFO - Dependencies all met for dep_context=non-requeueable deps ti=<TaskInstance: process_Trafficdata.fetch_road_data manual__2025-03-18T11:35:33.954035+00:00 [queued]>
[2025-03-18T17:05:40.051+0530] {taskinstance.py:2614} INFO - Dependencies all met for dep_context=requeueable deps ti=<TaskInstance: process_Trafficdata.fetch_road_data manual__2025-03-18T11:35:33.954035+00:00 [queued]>
[2025-03-18T17:05:40.053+0530] {taskinstance.py:2867} INFO - Starting attempt 1 of 2
[2025-03-18T17:05:40.088+0530] {taskinstance.py:2890} INFO - Executing <Task(PythonOperator): fetch_road_data> on 2025-03-18 11:35:33.954035+00:00
[2025-03-18T17:05:40.109+0530] {standard_task_runner.py:104} INFO - Running: ['airflow', 'tasks', 'run', 'process_Trafficdata', 'fetch_road_data', 'manual__2025-03-18T11:35:33.954035+00:00', '--job-id', '120', '--raw', '--subdir', 'DAGS_FOLDER/Process_traffic_Data.py', '--cfg-path', '/tmp/tmpee6_5rzp']
[2025-03-18T17:05:40.113+0530] {standard_task_runner.py:105} INFO - Job 120: Subtask fetch_road_data
[2025-03-18T17:05:40.118+0530] {logging_mixin.py:190} WARNING - /home/airflow/.local/lib/python3.12/site-packages/airflow/task/task_runner/standard_task_runner.py:70 DeprecationWarning: This process (pid=1641) is multi-threaded, use of fork() may lead to deadlocks in the child.
[2025-03-18T17:05:40.120+0530] {standard_task_runner.py:72} INFO - Started process 1642 to run task
[2025-03-18T17:05:40.254+0530] {task_command.py:467} INFO - Running <TaskInstance: process_Trafficdata.fetch_road_data manual__2025-03-18T11:35:33.954035+00:00 [running]> on host 06f6cab71e1e
[2025-03-18T17:05:40.492+0530] {taskinstance.py:3134} INFO - Exporting env vars: AIRFLOW_CTX_DAG_OWNER='airflow' AIRFLOW_CTX_DAG_ID='process_Trafficdata' AIRFLOW_CTX_TASK_ID='fetch_road_data' AIRFLOW_CTX_EXECUTION_DATE='2025-03-18T11:35:33.954035+00:00' AIRFLOW_CTX_TRY_NUMBER='1' AIRFLOW_CTX_DAG_RUN_ID='manual__2025-03-18T11:35:33.954035+00:00'
[2025-03-18T17:05:40.494+0530] {taskinstance.py:732} INFO - ::endgroup::
[2025-03-18T17:05:40.536+0530] {road_data_real_time_traffic_onbounding_box.py:143} INFO - connect_Database() begins
[2025-03-18T17:05:40.582+0530] {logging_mixin.py:190} INFO - Using connection info: {'dbname': 'de_personal', 'user': 'postgres', 'password': '***', 'host': 'postgres', 'port': '5432'}
[2025-03-18T17:05:40.594+0530] {road_data_real_time_traffic_onbounding_box.py:158} INFO - connect_Database() completed
[2025-03-18T17:05:40.611+0530] {road_data_real_time_traffic_onbounding_box.py:162} INFO - road_data Main Started
[2025-03-18T17:05:40.625+0530] {road_data_real_time_traffic_onbounding_box.py:165} INFO - Lat : 28.60507059568563, LNG: 77.44698311030206
[2025-03-18T17:05:40.647+0530] {road_data_real_time_traffic_onbounding_box.py:168} INFO - Calling get_nearby_roads_with_coordinates()
[2025-03-18T17:05:40.672+0530] {road_data_real_time_traffic_onbounding_box.py:26} INFO - function started lat=28.60507059568563, lng=77.44698311030206, radius=500
[2025-03-18T17:05:42.534+0530] {road_data_real_time_traffic_onbounding_box.py:38} INFO - Request sent to Overpass API
[2025-03-18T17:05:42.543+0530] {road_data_real_time_traffic_onbounding_box.py:41} INFO - Response received successfully
[2025-03-18T17:05:42.556+0530] {road_data_real_time_traffic_onbounding_box.py:46} INFO - Processing received data...
[2025-03-18T17:05:42.570+0530] {road_data_real_time_traffic_onbounding_box.py:53} INFO - Found 95 roads in response data
[2025-03-18T17:05:42.581+0530] {road_data_real_time_traffic_onbounding_box.py:84} INFO - Road: Noida Link Road | Start: (28.6022671, 77.450377) | End: (28.5930819, 77.4589578)
[2025-03-18T17:05:42.591+0530] {road_data_real_time_traffic_onbounding_box.py:84} INFO - Road: Noida Link Road | Start: (28.592823, 77.4584486) | End: (28.6020117, 77.4499369)
[2025-03-18T17:05:42.600+0530] {road_data_real_time_traffic_onbounding_box.py:84} INFO - Road: Service Lane | Start: (28.6072712, 77.4405653) | End: (28.6030915, 77.4494284)
[2025-03-18T17:05:42.608+0530] {road_data_real_time_traffic_onbounding_box.py:88} INFO -  Processed 2 roads
[2025-03-18T17:05:42.618+0530] {road_data_real_time_traffic_onbounding_box.py:171} INFO - Received 2 roads
[2025-03-18T17:05:42.627+0530] {road_data_real_time_traffic_onbounding_box.py:173} INFO - get_nearby_roads_with_coordinates func completed.
[2025-03-18T17:05:42.638+0530] {road_data_real_time_traffic_onbounding_box.py:180} INFO - Nearby Roads with Start & End Points:
[2025-03-18T17:05:42.649+0530] {road_data_real_time_traffic_onbounding_box.py:192} INFO - Nearby Roads with Start & End Points:,Road_list : [{'name': 'Noida Link Road', 'start_lat': 28.592823, 'start_lon': 77.4584486, 'end_lat': 28.6020117, 'end_lon': 77.4499369}, {'name': 'Service Lane', 'start_lat': 28.6072712, 'start_lon': 77.4405653, 'end_lat': 28.6030915, 'end_lon': 77.4494284}]
[2025-03-18T17:05:42.659+0530] {road_data_real_time_traffic_onbounding_box.py:194} INFO - Starting bulk_insert_into_road_Table()
[2025-03-18T17:05:42.671+0530] {road_data_real_time_traffic_onbounding_box.py:111} INFO - bulk_insert_into_road_Table function called
[2025-03-18T17:05:42.685+0530] {road_data_real_time_traffic_onbounding_box.py:112} INFO - Preparing road data for bulk insertion
[2025-03-18T17:05:42.698+0530] {road_data_real_time_traffic_onbounding_box.py:125} INFO - query: 
                   INSERT INTO roads_traffic.roads (road_name, start_lat,start_lon,end_lat,end_lon)
                   VALUES %s
                   RETURNING road_id;  
                ,values: [('Noida Link Road', 28.592823, 77.4584486, 28.6020117, 77.4499369), ('Service Lane', 28.6072712, 77.4405653, 28.6030915, 77.4494284)] 
[2025-03-18T17:05:42.718+0530] {road_data_real_time_traffic_onbounding_box.py:136} CRITICAL - exception in bulk_insert_into_road_Table() : duplicate key value violates unique constraint "roads_road_name_key"
DETAIL:  Key (road_name)=(Noida Link Road) already exists.

[2025-03-18T17:05:42.733+0530] {road_data_real_time_traffic_onbounding_box.py:196} INFO - completed bulk_insert_into_road_Table()
[2025-03-18T17:05:42.744+0530] {road_data_real_time_traffic_onbounding_box.py:207} INFO - Database connection closed
[2025-03-18T17:05:42.755+0530] {python.py:240} INFO - Done. Returned value was: None
[2025-03-18T17:05:42.776+0530] {taskinstance.py:341} INFO - ::group::Post task execution logs
[2025-03-18T17:05:42.778+0530] {taskinstance.py:353} INFO - Marking task as SUCCESS. dag_id=process_Trafficdata, task_id=fetch_road_data, run_id=manual__2025-03-18T11:35:33.954035+00:00, execution_date=20250318T113533, start_date=20250318T113540, end_date=20250318T113542
[2025-03-18T17:05:42.874+0530] {local_task_job_runner.py:266} INFO - Task exited with return code 0
[2025-03-18T17:05:42.907+0530] {taskinstance.py:3901} INFO - 0 downstream tasks scheduled from follow-on schedule check
[2025-03-18T17:05:42.912+0530] {local_task_job_runner.py:245} INFO - ::endgroup::
