2025-03-18 16:57:04,303 - INFO - function started lat=28.60507059568563, lng=77.44698311030206, radius=500
2025-03-18 16:57:05,827 - INFO - Request sent to Overpass API
2025-03-18 16:57:05,841 - INFO - Response received successfully
2025-03-18 16:57:05,869 - INFO - Processing received data...
2025-03-18 16:57:05,884 - INFO - Found 95 roads in response data
2025-03-18 16:57:05,941 - INFO - Road: Noida Link Road | Start: (28.6022671, 77.450377) | End: (28.5930819, 77.4589578)
2025-03-18 16:57:05,975 - INFO - Road: Noida Link Road | Start: (28.592823, 77.4584486) | End: (28.6020117, 77.4499369)
2025-03-18 16:57:05,995 - INFO - Road: Service Lane | Start: (28.6072712, 77.4405653) | End: (28.6030915, 77.4494284)
2025-03-18 16:57:06,009 - INFO -  Processed 2 roads
2025-03-18 17:05:40,672 - INFO - function started lat=28.60507059568563, lng=77.44698311030206, radius=500
2025-03-18 17:05:42,534 - INFO - Request sent to Overpass API
2025-03-18 17:05:42,543 - INFO - Response received successfully
2025-03-18 17:05:42,556 - INFO - Processing received data...
2025-03-18 17:05:42,570 - INFO - Found 95 roads in response data
2025-03-18 17:05:42,581 - INFO - Road: Noida Link Road | Start: (28.6022671, 77.450377) | End: (28.5930819, 77.4589578)
2025-03-18 17:05:42,591 - INFO - Road: Noida Link Road | Start: (28.592823, 77.4584486) | End: (28.6020117, 77.4499369)
2025-03-18 17:05:42,600 - INFO - Road: Service Lane | Start: (28.6072712, 77.4405653) | End: (28.6030915, 77.4494284)
2025-03-18 17:05:42,608 - INFO -  Processed 2 roads
2025-03-18 17:17:44,145 - INFO - function started lat=28.60507059568563, lng=77.44698311030206, radius=500
2025-03-18 17:17:45,584 - INFO - Request sent to Overpass API
2025-03-18 17:17:45,594 - INFO - Response received successfully
2025-03-18 17:17:45,606 - INFO - Processing received data...
2025-03-18 17:17:45,614 - INFO - Found 95 roads in response data
2025-03-18 17:17:45,622 - INFO - Road: Noida Link Road | Start: (28.6022671, 77.450377) | End: (28.5930819, 77.4589578)
2025-03-18 17:17:45,630 - INFO - Road: Noida Link Road | Start: (28.592823, 77.4584486) | End: (28.6020117, 77.4499369)
2025-03-18 17:17:45,639 - INFO - Road: Service Lane | Start: (28.6072712, 77.4405653) | End: (28.6030915, 77.4494284)
2025-03-18 17:17:45,649 - INFO -  Processed 2 roads
