[2025-03-18T16:57:02.492+0530] {local_task_job_runner.py:123} INFO - ::group::Pre task execution logs
[2025-03-18T16:57:02.519+0530] {taskinstance.py:2614} INFO - Dependencies all met for dep_context=non-requeueable deps ti=<TaskInstance: process_Trafficdata.database_connection manual__2025-03-18T11:27:00.482613+00:00 [queued]>
[2025-03-18T16:57:02.533+0530] {taskinstance.py:2614} INFO - Dependencies all met for dep_context=requeueable deps ti=<TaskInstance: process_Trafficdata.database_connection manual__2025-03-18T11:27:00.482613+00:00 [queued]>
[2025-03-18T16:57:02.534+0530] {taskinstance.py:2867} INFO - Starting attempt 1 of 2
[2025-03-18T16:57:02.558+0530] {taskinstance.py:2890} INFO - Executing <Task(PythonOperator): database_connection> on 2025-03-18 11:27:00.482613+00:00
[2025-03-18T16:57:02.573+0530] {standard_task_runner.py:104} INFO - Running: ['airflow', 'tasks', 'run', 'process_Trafficdata', 'database_connection', 'manual__2025-03-18T11:27:00.482613+00:00', '--job-id', '117', '--raw', '--subdir', 'DAGS_FOLDER/Process_traffic_Data.py', '--cfg-path', '/tmp/tmpwqvzu6hl']
[2025-03-18T16:57:02.579+0530] {standard_task_runner.py:105} INFO - Job 117: Subtask database_connection
[2025-03-18T16:57:02.582+0530] {logging_mixin.py:190} WARNING - /home/airflow/.local/lib/python3.12/site-packages/airflow/task/task_runner/standard_task_runner.py:70 DeprecationWarning: This process (pid=1547) is multi-threaded, use of fork() may lead to deadlocks in the child.
[2025-03-18T16:57:02.584+0530] {standard_task_runner.py:72} INFO - Started process 1548 to run task
[2025-03-18T16:57:02.736+0530] {task_command.py:467} INFO - Running <TaskInstance: process_Trafficdata.database_connection manual__2025-03-18T11:27:00.482613+00:00 [running]> on host 06f6cab71e1e
[2025-03-18T16:57:02.898+0530] {taskinstance.py:3134} INFO - Exporting env vars: AIRFLOW_CTX_DAG_OWNER='airflow' AIRFLOW_CTX_DAG_ID='process_Trafficdata' AIRFLOW_CTX_TASK_ID='database_connection' AIRFLOW_CTX_EXECUTION_DATE='2025-03-18T11:27:00.482613+00:00' AIRFLOW_CTX_TRY_NUMBER='1' AIRFLOW_CTX_DAG_RUN_ID='manual__2025-03-18T11:27:00.482613+00:00'
[2025-03-18T16:57:02.900+0530] {taskinstance.py:732} INFO - ::endgroup::
[2025-03-18T16:57:02.928+0530] {Database_connection.py:38} INFO - Database connection started.
[2025-03-18T16:57:02.953+0530] {Database_connection.py:58} INFO - Successfully connected to PostgreSQL database.
[2025-03-18T16:57:02.961+0530] {Database_connection.py:62} INFO - Schema 'roads_traffic' is ready.
[2025-03-18T16:57:02.970+0530] {Database_connection.py:76} INFO - Table 'roads' is ready.
[2025-03-18T16:57:02.983+0530] {Database_connection.py:87} INFO - Index 'roads_road_id_idx' created successfully.
[2025-03-18T16:57:02.992+0530] {Database_connection.py:115} INFO - Table 'traffic_data' is ready.
[2025-03-18T16:57:03.002+0530] {Database_connection.py:130} INFO - Index 'traffic_Data_road_id_idx' created successfully.
[2025-03-18T16:57:03.010+0530] {Database_connection.py:136} INFO - Database setup completed successfully.
[2025-03-18T16:57:03.039+0530] {python.py:240} INFO - Done. Returned value was: True
[2025-03-18T16:57:03.072+0530] {taskinstance.py:341} INFO - ::group::Post task execution logs
[2025-03-18T16:57:03.073+0530] {taskinstance.py:353} INFO - Marking task as SUCCESS. dag_id=process_Trafficdata, task_id=database_connection, run_id=manual__2025-03-18T11:27:00.482613+00:00, execution_date=20250318T112700, start_date=20250318T112702, end_date=20250318T112703
[2025-03-18T16:57:03.130+0530] {local_task_job_runner.py:266} INFO - Task exited with return code 0
[2025-03-18T16:57:03.172+0530] {taskinstance.py:3901} INFO - 1 downstream tasks scheduled from follow-on schedule check
[2025-03-18T16:57:03.175+0530] {local_task_job_runner.py:245} INFO - ::endgroup::
