[2025-03-18T06:51:00.544+0530] {local_task_job_runner.py:123} INFO - ::group::Pre task execution logs
[2025-03-18T06:51:00.707+0530] {taskinstance.py:2614} INFO - Dependencies all met for dep_context=non-requeueable deps ti=<TaskInstance: process_Trafficdata.fetch_road_data scheduled__2025-03-17T18:00:00+00:00 [queued]>
[2025-03-18T06:51:00.793+0530] {taskinstance.py:2614} INFO - Dependencies all met for dep_context=requeueable deps ti=<TaskInstance: process_Trafficdata.fetch_road_data scheduled__2025-03-17T18:00:00+00:00 [queued]>
[2025-03-18T06:51:00.795+0530] {taskinstance.py:2867} INFO - Starting attempt 1 of 2
[2025-03-18T06:51:00.899+0530] {taskinstance.py:2890} INFO - Executing <Task(PythonOperator): fetch_road_data> on 2025-03-17 18:00:00+00:00
[2025-03-18T06:51:00.915+0530] {standard_task_runner.py:104} INFO - Running: ['airflow', 'tasks', 'run', 'process_Trafficdata', 'fetch_road_data', 'scheduled__2025-03-17T18:00:00+00:00', '--job-id', '85', '--raw', '--subdir', 'DAGS_FOLDER/Process_traffic_Data.py', '--cfg-path', '/tmp/tmptfirx84z']
[2025-03-18T06:51:00.931+0530] {standard_task_runner.py:105} INFO - Job 85: Subtask fetch_road_data
[2025-03-18T06:51:00.953+0530] {logging_mixin.py:190} WARNING - /home/airflow/.local/lib/python3.12/site-packages/airflow/task/task_runner/standard_task_runner.py:70 DeprecationWarning: This process (pid=520) is multi-threaded, use of fork() may lead to deadlocks in the child.
[2025-03-18T06:51:00.979+0530] {standard_task_runner.py:72} INFO - Started process 522 to run task
[2025-03-18T06:51:01.390+0530] {task_command.py:467} INFO - Running <TaskInstance: process_Trafficdata.fetch_road_data scheduled__2025-03-17T18:00:00+00:00 [running]> on host 9e62b6891a9b
[2025-03-18T06:51:01.868+0530] {taskinstance.py:3134} INFO - Exporting env vars: AIRFLOW_CTX_DAG_OWNER='airflow' AIRFLOW_CTX_DAG_ID='process_Trafficdata' AIRFLOW_CTX_TASK_ID='fetch_road_data' AIRFLOW_CTX_EXECUTION_DATE='2025-03-17T18:00:00+00:00' AIRFLOW_CTX_TRY_NUMBER='1' AIRFLOW_CTX_DAG_RUN_ID='scheduled__2025-03-17T18:00:00+00:00'
[2025-03-18T06:51:01.889+0530] {taskinstance.py:732} INFO - ::endgroup::
[2025-03-18T06:51:01.996+0530] {road_data_real_time_traffic_onbounding_box.py:138} INFO - connect_Database() begins
[2025-03-18T06:51:02.074+0530] {logging_mixin.py:190} INFO - Using connection info: {'dbname': 'de_personal', 'user': 'postgres', 'password': '***', 'host': 'postgres', 'port': '5432'}
[2025-03-18T06:51:02.098+0530] {road_data_real_time_traffic_onbounding_box.py:154} INFO - connect_Database() completed
[2025-03-18T06:51:02.136+0530] {road_data_real_time_traffic_onbounding_box.py:158} INFO - road_data Main Started
[2025-03-18T06:51:02.161+0530] {road_data_real_time_traffic_onbounding_box.py:161} INFO - Lat : 28.60507059568563, LNG: 77.44698311030206
[2025-03-18T06:51:02.183+0530] {road_data_real_time_traffic_onbounding_box.py:164} INFO - Calling get_nearby_roads_with_coordinates()
[2025-03-18T06:51:02.222+0530] {road_data_real_time_traffic_onbounding_box.py:21} INFO - function started lat=28.60507059568563, lng=77.44698311030206, radius=500
[2025-03-18T06:51:03.412+0530] {road_data_real_time_traffic_onbounding_box.py:33} INFO - Request sent to Overpass API
[2025-03-18T06:51:03.485+0530] {road_data_real_time_traffic_onbounding_box.py:36} INFO - Response received successfully
[2025-03-18T06:51:03.514+0530] {road_data_real_time_traffic_onbounding_box.py:41} INFO - Processing received data...
[2025-03-18T06:51:03.575+0530] {road_data_real_time_traffic_onbounding_box.py:48} INFO - Found 95 roads in response data
[2025-03-18T06:51:03.606+0530] {road_data_real_time_traffic_onbounding_box.py:79} INFO - Road: Noida Link Road | Start: (28.6022671, 77.450377) | End: (28.5930819, 77.4589578)
[2025-03-18T06:51:03.623+0530] {road_data_real_time_traffic_onbounding_box.py:79} INFO - Road: Noida Link Road | Start: (28.592823, 77.4584486) | End: (28.6020117, 77.4499369)
[2025-03-18T06:51:03.656+0530] {road_data_real_time_traffic_onbounding_box.py:79} INFO - Road: Service Lane | Start: (28.6072712, 77.4405653) | End: (28.6030915, 77.4494284)
[2025-03-18T06:51:03.759+0530] {road_data_real_time_traffic_onbounding_box.py:83} INFO -  Processed 2 roads
[2025-03-18T06:51:03.801+0530] {road_data_real_time_traffic_onbounding_box.py:167} INFO - Received 2 roads
[2025-03-18T06:51:03.828+0530] {road_data_real_time_traffic_onbounding_box.py:169} INFO - get_nearby_roads_with_coordinates func completed.
[2025-03-18T06:51:03.867+0530] {road_data_real_time_traffic_onbounding_box.py:176} INFO - Nearby Roads with Start & End Points:
[2025-03-18T06:51:03.877+0530] {road_data_real_time_traffic_onbounding_box.py:188} INFO - Nearby Roads with Start & End Points:,Road_list : [{'name': 'Noida Link Road', 'start_lat': 28.592823, 'start_lon': 77.4584486, 'end_lat': 28.6020117, 'end_lon': 77.4499369}, {'name': 'Service Lane', 'start_lat': 28.6072712, 'start_lon': 77.4405653, 'end_lat': 28.6030915, 'end_lon': 77.4494284}]
[2025-03-18T06:51:03.902+0530] {road_data_real_time_traffic_onbounding_box.py:190} INFO - Starting bulk_insert_into_road_Table()
[2025-03-18T06:51:03.997+0530] {road_data_real_time_traffic_onbounding_box.py:106} INFO - bulk_insert_into_road_Table function called
[2025-03-18T06:51:04.073+0530] {road_data_real_time_traffic_onbounding_box.py:107} INFO - Preparing road data for bulk insertion
[2025-03-18T06:51:04.161+0530] {road_data_real_time_traffic_onbounding_box.py:120} INFO - query: 
                   INSERT INTO roads_traffic.roads (road_name, start_lat,start_lon,end_lat,end_lon)
                   VALUES %s
                   RETURNING road_id;  
                ,values: [('Noida Link Road', 28.592823, 77.4584486, 28.6020117, 77.4499369), ('Service Lane', 28.6072712, 77.4405653, 28.6030915, 77.4494284)] 
[2025-03-18T06:51:04.222+0530] {road_data_real_time_traffic_onbounding_box.py:131} CRITICAL - exception in bulk_insert_into_road_Table() : duplicate key value violates unique constraint "roads_road_name_key"
DETAIL:  Key (road_name)=(Noida Link Road) already exists.

[2025-03-18T06:51:04.281+0530] {road_data_real_time_traffic_onbounding_box.py:192} INFO - completed bulk_insert_into_road_Table()
[2025-03-18T06:51:04.389+0530] {road_data_real_time_traffic_onbounding_box.py:203} INFO - Database connection closed
[2025-03-18T06:51:04.432+0530] {python.py:240} INFO - Done. Returned value was: None
[2025-03-18T06:51:04.465+0530] {taskinstance.py:341} INFO - ::group::Post task execution logs
[2025-03-18T06:51:04.488+0530] {taskinstance.py:353} INFO - Marking task as SUCCESS. dag_id=process_Trafficdata, task_id=fetch_road_data, run_id=scheduled__2025-03-17T18:00:00+00:00, execution_date=20250317T180000, start_date=20250318T012100, end_date=20250318T012104
[2025-03-18T06:51:04.648+0530] {local_task_job_runner.py:266} INFO - Task exited with return code 0
[2025-03-18T06:51:04.723+0530] {taskinstance.py:3901} INFO - 0 downstream tasks scheduled from follow-on schedule check
[2025-03-18T06:51:04.771+0530] {local_task_job_runner.py:245} INFO - ::endgroup::
