[2025-03-17T23:55:08.003+0530] {local_task_job_runner.py:123} INFO - ::group::Pre task execution logs
[2025-03-17T23:55:08.046+0530] {taskinstance.py:2614} INFO - Dependencies all met for dep_context=non-requeueable deps ti=<TaskInstance: process_Trafficdata.fetch_road_data manual__2025-03-17T18:25:04.869861+00:00 [queued]>
[2025-03-17T23:55:08.063+0530] {taskinstance.py:2614} INFO - Dependencies all met for dep_context=requeueable deps ti=<TaskInstance: process_Trafficdata.fetch_road_data manual__2025-03-17T18:25:04.869861+00:00 [queued]>
[2025-03-17T23:55:08.064+0530] {taskinstance.py:2867} INFO - Starting attempt 1 of 2
[2025-03-17T23:55:08.083+0530] {taskinstance.py:2890} INFO - Executing <Task(PythonOperator): fetch_road_data> on 2025-03-17 18:25:04.869861+00:00
[2025-03-17T23:55:08.094+0530] {standard_task_runner.py:104} INFO - Running: ['airflow', 'tasks', 'run', 'process_Trafficdata', 'fetch_road_data', 'manual__2025-03-17T18:25:04.869861+00:00', '--job-id', '80', '--raw', '--subdir', 'DAGS_FOLDER/Process_traffic_Data.py', '--cfg-path', '/tmp/tmpc33eq2w1']
[2025-03-17T23:55:08.097+0530] {standard_task_runner.py:105} INFO - Job 80: Subtask fetch_road_data
[2025-03-17T23:55:08.098+0530] {logging_mixin.py:190} WARNING - /home/airflow/.local/lib/python3.12/site-packages/airflow/task/task_runner/standard_task_runner.py:70 DeprecationWarning: This process (pid=474) is multi-threaded, use of fork() may lead to deadlocks in the child.
[2025-03-17T23:55:08.099+0530] {standard_task_runner.py:72} INFO - Started process 475 to run task
[2025-03-17T23:55:08.179+0530] {task_command.py:467} INFO - Running <TaskInstance: process_Trafficdata.fetch_road_data manual__2025-03-17T18:25:04.869861+00:00 [running]> on host 9e62b6891a9b
[2025-03-17T23:55:08.336+0530] {taskinstance.py:3134} INFO - Exporting env vars: AIRFLOW_CTX_DAG_OWNER='airflow' AIRFLOW_CTX_DAG_ID='process_Trafficdata' AIRFLOW_CTX_TASK_ID='fetch_road_data' AIRFLOW_CTX_EXECUTION_DATE='2025-03-17T18:25:04.869861+00:00' AIRFLOW_CTX_TRY_NUMBER='1' AIRFLOW_CTX_DAG_RUN_ID='manual__2025-03-17T18:25:04.869861+00:00'
[2025-03-17T23:55:08.339+0530] {taskinstance.py:732} INFO - ::endgroup::
[2025-03-17T23:55:08.366+0530] {road_data_real_time_traffic_onbounding_box.py:138} INFO - connect_Database() begins
[2025-03-17T23:55:08.403+0530] {logging_mixin.py:190} INFO - Using connection info: db_conn_info
[2025-03-17T23:55:08.406+0530] {road_data_real_time_traffic_onbounding_box.py:200} ERROR - exception in main: psycopg2.connect() argument after ** must be a mapping, not str
[2025-03-17T23:55:08.416+0530] {road_data_real_time_traffic_onbounding_box.py:203} INFO - Database connection closed
[2025-03-17T23:55:08.425+0530] {python.py:240} INFO - Done. Returned value was: None
[2025-03-17T23:55:08.443+0530] {taskinstance.py:341} INFO - ::group::Post task execution logs
[2025-03-17T23:55:08.444+0530] {taskinstance.py:353} INFO - Marking task as SUCCESS. dag_id=process_Trafficdata, task_id=fetch_road_data, run_id=manual__2025-03-17T18:25:04.869861+00:00, execution_date=20250317T182504, start_date=20250317T182508, end_date=20250317T182508
[2025-03-17T23:55:08.557+0530] {local_task_job_runner.py:266} INFO - Task exited with return code 0
[2025-03-17T23:55:08.591+0530] {local_task_job_runner.py:245} INFO - ::endgroup::
