2025-03-17 18:11:06,633 - INFO - connect_Database() begins
2025-03-17 18:12:08,095 - INFO - connect_Database() begins
2025-03-17 18:15:57,649 - INFO - connect_Database() begins
2025-03-17 18:16:59,497 - INFO - connect_Database() begins
2025-03-17 18:17:33,279 - INFO - connect_Database() begins
2025-03-17 20:06:34,174 - INFO - connect_Database() begins
2025-03-17 20:06:56,678 - INFO - connect_Database() begins
2025-03-17 20:07:05,928 - INFO - connect_Database() begins
2025-03-17 20:07:59,483 - INFO - connect_Database() begins
2025-03-17 20:08:08,040 - INFO - connect_Database() begins
2025-03-17 20:30:02,661 - INFO - connect_Database() begins
2025-03-17 20:31:03,940 - INFO - connect_Database() begins
2025-03-17 21:30:04,246 - INFO - connect_Database() begins
2025-03-17 21:31:06,012 - INFO - connect_Database() begins
2025-03-17 22:52:55,618 - INFO - connect_Database() begins
2025-03-17 22:53:56,838 - INFO - connect_Database() begins
2025-03-17 23:13:58,638 - INFO - connect_Database() begins
2025-03-17 23:15:00,157 - INFO - connect_Database() begins
2025-03-17 23:19:19,845 - INFO - connect_Database() begins
2025-03-17 23:19:19,888 - CRITICAL - connect_Database() Connection failed: No connection established
2025-03-17 23:32:19,515 - INFO - connect_Database() begins
2025-03-17 23:32:19,525 - INFO - connect_Database() begins
2025-03-17 23:32:19,551 - CRITICAL - connect_Database() Connection failed: No connection established
2025-03-17 23:32:19,564 - CRITICAL - connect_Database() Connection failed: No connection established
2025-03-17 23:33:46,736 - INFO - connect_Database() begins
2025-03-17 23:33:46,762 - INFO - connect_Database() completed
2025-03-17 23:33:46,803 - INFO - Database connection closed
2025-03-17 23:35:16,997 - INFO - connect_Database() begins
2025-03-17 23:35:17,068 - INFO - connect_Database() completed
2025-03-17 23:35:17,118 - INFO - Database connection closed
2025-03-17 23:36:17,313 - INFO - connect_Database() begins
2025-03-17 23:36:17,361 - INFO - connect_Database() completed
2025-03-17 23:36:35,319 - INFO - Database connection closed
2025-03-17 23:37:50,495 - INFO - connect_Database() begins
2025-03-17 23:37:50,530 - INFO - connect_Database() completed
2025-03-17 23:38:14,248 - INFO - bulk_insert_into_road_Table function called
2025-03-17 23:38:14,255 - INFO - Preparing road data for bulk insertion
2025-03-17 23:38:14,263 - CRITICAL - exception in bulk_insert_into_road_Table() : 'str' object has no attribute 'cursor'
2025-03-17 23:38:14,277 - INFO - Database connection closed
2025-03-17 23:42:19,798 - INFO - connect_Database() begins
2025-03-17 23:42:19,843 - INFO - connect_Database() completed
2025-03-17 23:42:39,320 - INFO - bulk_insert_into_road_Table function called
2025-03-17 23:42:39,328 - INFO - Preparing road data for bulk insertion
2025-03-17 23:42:39,337 - CRITICAL - exception in bulk_insert_into_road_Table() : invalid dsn: missing "=" after "postgres" in connection info string

2025-03-17 23:42:39,355 - INFO - Database connection closed
2025-03-17 23:44:16,926 - INFO - connect_Database() begins
2025-03-17 23:44:16,962 - INFO - connect_Database() completed
2025-03-17 23:44:33,948 - INFO - bulk_insert_into_road_Table function called
2025-03-17 23:44:33,960 - INFO - Preparing road data for bulk insertion
2025-03-17 23:44:33,970 - CRITICAL - exception in bulk_insert_into_road_Table() : invalid dsn: missing "=" after "postgres" in connection info string

2025-03-17 23:44:33,989 - INFO - Database connection closed
2025-03-17 23:46:58,081 - INFO - connect_Database() begins
2025-03-17 23:46:58,111 - INFO - connect_Database() completed
2025-03-17 23:46:58,126 - INFO - Database connection closed
2025-03-17 23:55:08,366 - INFO - connect_Database() begins
2025-03-17 23:55:08,416 - INFO - Database connection closed
2025-03-17 23:56:53,510 - INFO - connect_Database() begins
2025-03-17 23:56:53,555 - INFO - connect_Database() completed
2025-03-17 23:57:10,950 - INFO - bulk_insert_into_road_Table function called
2025-03-17 23:57:10,958 - INFO - Preparing road data for bulk insertion
2025-03-17 23:57:10,969 - INFO - query: 
                   INSERT INTO roads_traffic.roads (road_name, start_lat,start_lon,end_lat,end_lon)
                   VALUES %s
                   RETURNING road_id;  
                ,values: [('Noida Link Road', 28.592823, 77.4584486, 28.6020117, 77.4499369), ('Service Lane', 28.6072712, 77.4405653, 28.6030915, 77.4494284)] 
2025-03-17 23:57:11,002 - INFO - Inserted 2 roads into database ,Returning road_id :[1, 2]
2025-03-17 23:57:11,023 - INFO - Database connection closed
2025-03-18 06:51:01,996 - INFO - connect_Database() begins
2025-03-18 06:51:02,098 - INFO - connect_Database() completed
2025-03-18 06:51:02,422 - INFO - connect_Database() begins
2025-03-18 06:51:02,486 - INFO - connect_Database() completed
2025-03-18 06:51:03,997 - INFO - bulk_insert_into_road_Table function called
2025-03-18 06:51:04,015 - INFO - bulk_insert_into_road_Table function called
2025-03-18 06:51:04,073 - INFO - Preparing road data for bulk insertion
2025-03-18 06:51:04,127 - INFO - Preparing road data for bulk insertion
2025-03-18 06:51:04,161 - INFO - query: 
                   INSERT INTO roads_traffic.roads (road_name, start_lat,start_lon,end_lat,end_lon)
                   VALUES %s
                   RETURNING road_id;  
                ,values: [('Noida Link Road', 28.592823, 77.4584486, 28.6020117, 77.4499369), ('Service Lane', 28.6072712, 77.4405653, 28.6030915, 77.4494284)] 
2025-03-18 06:51:04,178 - INFO - query: 
                   INSERT INTO roads_traffic.roads (road_name, start_lat,start_lon,end_lat,end_lon)
                   VALUES %s
                   RETURNING road_id;  
                ,values: [('Noida Link Road', 28.592823, 77.4584486, 28.6020117, 77.4499369), ('Service Lane', 28.6072712, 77.4405653, 28.6030915, 77.4494284)] 
2025-03-18 06:51:04,222 - CRITICAL - exception in bulk_insert_into_road_Table() : duplicate key value violates unique constraint "roads_road_name_key"
DETAIL:  Key (road_name)=(Noida Link Road) already exists.

2025-03-18 06:51:04,251 - CRITICAL - exception in bulk_insert_into_road_Table() : duplicate key value violates unique constraint "roads_road_name_key"
DETAIL:  Key (road_name)=(Noida Link Road) already exists.

2025-03-18 06:51:04,389 - INFO - Database connection closed
2025-03-18 06:51:04,401 - INFO - Database connection closed
2025-03-18 07:30:09,459 - INFO - connect_Database() begins
2025-03-18 07:30:09,547 - INFO - connect_Database() completed
2025-03-18 07:30:16,710 - INFO - bulk_insert_into_road_Table function called
2025-03-18 07:30:16,722 - INFO - Preparing road data for bulk insertion
2025-03-18 07:30:16,759 - INFO - query: 
                   INSERT INTO roads_traffic.roads (road_name, start_lat,start_lon,end_lat,end_lon)
                   VALUES %s
                   RETURNING road_id;  
                ,values: [('Noida Link Road', 28.592823, 77.4584486, 28.6020117, 77.4499369), ('Service Lane', 28.6072712, 77.4405653, 28.6030915, 77.4494284)] 
2025-03-18 07:30:16,783 - CRITICAL - exception in bulk_insert_into_road_Table() : duplicate key value violates unique constraint "roads_road_name_key"
DETAIL:  Key (road_name)=(Noida Link Road) already exists.

2025-03-18 07:30:16,811 - INFO - Database connection closed
2025-03-18 08:44:15,375 - INFO - connect_Database() begins
2025-03-18 08:44:15,465 - INFO - connect_Database() completed
2025-03-18 08:44:21,084 - INFO - bulk_insert_into_road_Table function called
2025-03-18 08:44:21,096 - INFO - Preparing road data for bulk insertion
2025-03-18 08:44:23,365 - INFO - query: 
                   INSERT INTO roads_traffic.roads (road_name, start_lat,start_lon,end_lat,end_lon)
                   VALUES %s
                   RETURNING road_id;  
                ,values: [('Noida Link Road', 28.592823, 77.4584486, 28.6020117, 77.4499369), ('Service Lane', 28.6072712, 77.4405653, 28.6030915, 77.4494284)] 
2025-03-18 08:44:23,429 - CRITICAL - exception in bulk_insert_into_road_Table() : duplicate key value violates unique constraint "roads_road_name_key"
DETAIL:  Key (road_name)=(Noida Link Road) already exists.

2025-03-18 08:44:23,509 - INFO - Database connection closed
