2025-03-17 23:36:17,410 - INFO - function started lat=28.60507059568563, lng=77.44698311030206, radius=500
2025-03-17 23:36:35,121 - INFO - Request sent to Overpass API
2025-03-17 23:36:35,135 - INFO - Response received successfully
2025-03-17 23:36:35,154 - INFO - Processing received data...
2025-03-17 23:36:35,167 - INFO - Found 95 roads in response data
2025-03-17 23:36:35,181 - INFO - Road: Noida Link Road | Start: (28.6022671, 77.450377) | End: (28.5930819, 77.4589578)
2025-03-17 23:36:35,194 - INFO - Road: Noida Link Road | Start: (28.592823, 77.4584486) | End: (28.6020117, 77.4499369)
2025-03-17 23:36:35,212 - INFO - Road: Service Lane | Start: (28.6072712, 77.4405653) | End: (28.6030915, 77.4494284)
2025-03-17 23:36:35,224 - INFO -  Processed 2 roads
2025-03-17 23:37:50,563 - INFO - function started lat=28.60507059568563, lng=77.44698311030206, radius=500
2025-03-17 23:38:14,131 - INFO - Request sent to Overpass API
2025-03-17 23:38:14,139 - INFO - Response received successfully
2025-03-17 23:38:14,148 - INFO - Processing received data...
2025-03-17 23:38:14,157 - INFO - Found 95 roads in response data
2025-03-17 23:38:14,167 - INFO - Road: Noida Link Road | Start: (28.6022671, 77.450377) | End: (28.5930819, 77.4589578)
2025-03-17 23:38:14,179 - INFO - Road: Noida Link Road | Start: (28.592823, 77.4584486) | End: (28.6020117, 77.4499369)
2025-03-17 23:38:14,190 - INFO - Road: Service Lane | Start: (28.6072712, 77.4405653) | End: (28.6030915, 77.4494284)
2025-03-17 23:38:14,198 - INFO -  Processed 2 roads
2025-03-17 23:42:19,886 - INFO - function started lat=28.60507059568563, lng=77.44698311030206, radius=500
2025-03-17 23:42:39,199 - INFO - Request sent to Overpass API
2025-03-17 23:42:39,207 - INFO - Response received successfully
2025-03-17 23:42:39,220 - INFO - Processing received data...
2025-03-17 23:42:39,229 - INFO - Found 95 roads in response data
2025-03-17 23:42:39,238 - INFO - Road: Noida Link Road | Start: (28.6022671, 77.450377) | End: (28.5930819, 77.4589578)
2025-03-17 23:42:39,247 - INFO - Road: Noida Link Road | Start: (28.592823, 77.4584486) | End: (28.6020117, 77.4499369)
2025-03-17 23:42:39,256 - INFO - Road: Service Lane | Start: (28.6072712, 77.4405653) | End: (28.6030915, 77.4494284)
2025-03-17 23:42:39,266 - INFO -  Processed 2 roads
2025-03-17 23:44:16,994 - INFO - function started lat=28.60507059568563, lng=77.44698311030206, radius=500
2025-03-17 23:44:33,841 - INFO - Request sent to Overpass API
2025-03-17 23:44:33,854 - INFO - Response received successfully
2025-03-17 23:44:33,866 - INFO - Processing received data...
2025-03-17 23:44:33,875 - INFO - Found 95 roads in response data
2025-03-17 23:44:33,883 - INFO - Road: Noida Link Road | Start: (28.6022671, 77.450377) | End: (28.5930819, 77.4589578)
2025-03-17 23:44:33,890 - INFO - Road: Noida Link Road | Start: (28.592823, 77.4584486) | End: (28.6020117, 77.4499369)
2025-03-17 23:44:33,897 - INFO - Road: Service Lane | Start: (28.6072712, 77.4405653) | End: (28.6030915, 77.4494284)
2025-03-17 23:44:33,902 - INFO -  Processed 2 roads
2025-03-17 23:56:53,589 - INFO - function started lat=28.60507059568563, lng=77.44698311030206, radius=500
2025-03-17 23:57:10,820 - INFO - Request sent to Overpass API
2025-03-17 23:57:10,831 - INFO - Response received successfully
2025-03-17 23:57:10,849 - INFO - Processing received data...
2025-03-17 23:57:10,860 - INFO - Found 95 roads in response data
2025-03-17 23:57:10,868 - INFO - Road: Noida Link Road | Start: (28.6022671, 77.450377) | End: (28.5930819, 77.4589578)
2025-03-17 23:57:10,877 - INFO - Road: Noida Link Road | Start: (28.592823, 77.4584486) | End: (28.6020117, 77.4499369)
2025-03-17 23:57:10,886 - INFO - Road: Service Lane | Start: (28.6072712, 77.4405653) | End: (28.6030915, 77.4494284)
2025-03-17 23:57:10,895 - INFO -  Processed 2 roads
2025-03-18 06:51:02,222 - INFO - function started lat=28.60507059568563, lng=77.44698311030206, radius=500
2025-03-18 06:51:02,565 - INFO - function started lat=28.60507059568563, lng=77.44698311030206, radius=500
2025-03-18 06:51:03,408 - INFO - Request sent to Overpass API
2025-03-18 06:51:03,412 - INFO - Request sent to Overpass API
2025-03-18 06:51:03,480 - INFO - Response received successfully
2025-03-18 06:51:03,485 - INFO - Response received successfully
2025-03-18 06:51:03,502 - INFO - Processing received data...
2025-03-18 06:51:03,514 - INFO - Processing received data...
2025-03-18 06:51:03,536 - INFO - Found 95 roads in response data
2025-03-18 06:51:03,575 - INFO - Found 95 roads in response data
2025-03-18 06:51:03,576 - INFO - Road: Noida Link Road | Start: (28.6022671, 77.450377) | End: (28.5930819, 77.4589578)
2025-03-18 06:51:03,605 - INFO - Road: Noida Link Road | Start: (28.592823, 77.4584486) | End: (28.6020117, 77.4499369)
2025-03-18 06:51:03,606 - INFO - Road: Noida Link Road | Start: (28.6022671, 77.450377) | End: (28.5930819, 77.4589578)
2025-03-18 06:51:03,622 - INFO - Road: Service Lane | Start: (28.6072712, 77.4405653) | End: (28.6030915, 77.4494284)
2025-03-18 06:51:03,623 - INFO - Road: Noida Link Road | Start: (28.592823, 77.4584486) | End: (28.6020117, 77.4499369)
2025-03-18 06:51:03,656 - INFO -  Processed 2 roads
2025-03-18 06:51:03,656 - INFO - Road: Service Lane | Start: (28.6072712, 77.4405653) | End: (28.6030915, 77.4494284)
2025-03-18 06:51:03,759 - INFO -  Processed 2 roads
2025-03-18 07:30:09,625 - INFO - function started lat=28.60507059568563, lng=77.44698311030206, radius=500
2025-03-18 07:30:16,496 - INFO - Request sent to Overpass API
2025-03-18 07:30:16,513 - INFO - Response received successfully
2025-03-18 07:30:16,531 - INFO - Processing received data...
2025-03-18 07:30:16,553 - INFO - Found 95 roads in response data
2025-03-18 07:30:16,565 - INFO - Road: Noida Link Road | Start: (28.6022671, 77.450377) | End: (28.5930819, 77.4589578)
2025-03-18 07:30:16,578 - INFO - Road: Noida Link Road | Start: (28.592823, 77.4584486) | End: (28.6020117, 77.4499369)
2025-03-18 07:30:16,591 - INFO - Road: Service Lane | Start: (28.6072712, 77.4405653) | End: (28.6030915, 77.4494284)
2025-03-18 07:30:16,611 - INFO -  Processed 2 roads
2025-03-18 08:44:15,613 - INFO - function started lat=28.60507059568563, lng=77.44698311030206, radius=500
2025-03-18 08:44:20,076 - INFO - Request sent to Overpass API
2025-03-18 08:44:20,093 - INFO - Response received successfully
2025-03-18 08:44:20,110 - INFO - Processing received data...
2025-03-18 08:44:20,123 - INFO - Found 95 roads in response data
2025-03-18 08:44:20,148 - INFO - Road: Noida Link Road | Start: (28.6022671, 77.450377) | End: (28.5930819, 77.4589578)
2025-03-18 08:44:20,165 - INFO - Road: Noida Link Road | Start: (28.592823, 77.4584486) | End: (28.6020117, 77.4499369)
2025-03-18 08:44:20,182 - INFO - Road: Service Lane | Start: (28.6072712, 77.4405653) | End: (28.6030915, 77.4494284)
2025-03-18 08:44:20,193 - INFO -  Processed 2 roads
